This is pdfTeX, Version 3.141592653-2.6-1.40.28 (MiKTeX 25.12) (preloaded format=pdflatex 2026.7.13)  4 AUG 2026 10:52
entering extended mode
 restricted \write18 enabled.
 %&-line parsing enabled.
**./main.tex
(main.tex
LaTeX2e <2025-11-01>
L3 programming layer <2025-12-24>
(C:\Users\ADMIN\AppData\Local\Programs\MiKTeX\tex/latex/extsizes\extreport.cls
Document Class: extreport 1996/10/08 v1.0 Non Standard LaTeX document class
(C:\Users\ADMIN\AppData\Local\Programs\MiKTeX\tex/latex/base\size10.clo
File: size10.clo 2025/01/22 v1.4n Standard LaTeX file (size option)
)
(C:\Users\ADMIN\AppData\Local\Programs\MiKTeX\tex/latex/base\exscale.sty
Package: exscale 2025/06/05 v2.1i Standard LaTeX package exscale
LaTeX Font Info:    Redeclaring symbol font `largesymbols' on input line 57.
LaTeX Font Info:    Overwriting symbol font `largesymbols' in version `normal'
(Font)                  OMX/cmex/m/n --> OMX/cmex/m/n on input line 57.
LaTeX Font Info:    Overwriting symbol font `largesymbols' in version `bold'
(Font)                  OMX/cmex/m/n --> OMX/cmex/m/n on input line 57.
\big@size=\dimen148
)
\c@part=\count275
\c@chapter=\count276
\c@section=\count277
\c@subsection=\count278
\c@subsubsection=\count279
\c@paragraph=\count280
\c@subparagraph=\count281
\c@figure=\count282
\c@table=\count283
\abovecaptionskip=\skip49
\belowcaptionskip=\skip50
\bibindent=\dimen149
)
(C:\Users\ADMIN\AppData\Local\Programs\MiKTeX\tex/generic/iftex\iftex.sty
Package: iftex 2024/12/12 v1.0g TeX engine tests
)
(C:\Users\ADMIN\AppData\Local\Programs\MiKTeX\tex/latex/base\fontenc.sty
Package: fontenc 2025/07/18 v2.1d Standard LaTeX package

(C:\Users\ADMIN\AppData\Local\Programs\MiKTeX\tex/latex/vntex\t5enc.def
File: t5enc.def 2006/11/21 v1.4 Vietnamese T5 encoding
Now handling font encoding T5 ...
... processing UTF-8 mapping file for font encoding T5

(C:\Users\ADMIN\AppData\Local\Programs\MiKTeX\tex/latex/vntex\t5enc.dfu
File: t5enc.dfu 2006/08/19 v1.1 UTF8 support for Vietnamese
   defining Unicode char U+00AB (decimal 171)
   defining Unicode char U+00BB (decimal 187)
   defining Unicode char U+00C0 (decimal 192)
   defining Unicode char U+00C1 (decimal 193)
   defining Unicode char U+00C2 (decimal 194)
   defining Unicode char U+00C3 (decimal 195)
   defining Unicode char U+00C8 (decimal 200)
   defining Unicode char U+00C9 (decimal 201)
   defining Unicode char U+00CA (decimal 202)
   defining Unicode char U+00CC (decimal 204)
   defining Unicode char U+00CD (decimal 205)
   defining Unicode char U+00D2 (decimal 210)
   defining Unicode char U+00D3 (decimal 211)
   defining Unicode char U+00D4 (decimal 212)
   defining Unicode char U+00D5 (decimal 213)
   defining Unicode char U+00D9 (decimal 217)
   defining Unicode char U+00DA (decimal 218)
   defining Unicode char U+00DD (decimal 221)
   defining Unicode char U+00E0 (decimal 224)
   defining Unicode char U+00E1 (decimal 225)
   defining Unicode char U+00E2 (decimal 226)
   defining Unicode char U+00E3 (decimal 227)
   defining Unicode char U+00E8 (decimal 232)
   defining Unicode char U+00E9 (decimal 233)
   defining Unicode char U+00EA (decimal 234)
   defining Unicode char U+00EC (decimal 236)
   defining Unicode char U+00ED (decimal 237)
   defining Unicode char U+00F2 (decimal 242)
   defining Unicode char U+00F3 (decimal 243)
   defining Unicode char U+00F4 (decimal 244)
   defining Unicode char U+00F5 (decimal 245)
   defining Unicode char U+00F9 (decimal 249)
   defining Unicode char U+00FA (decimal 250)
   defining Unicode char U+00FD (decimal 253)
   defining Unicode char U+0102 (decimal 258)
   defining Unicode char U+0103 (decimal 259)
   defining Unicode char U+0110 (decimal 272)
   defining Unicode char U+0111 (decimal 273)
   defining Unicode char U+0128 (decimal 296)
   defining Unicode char U+0129 (decimal 297)
   defining Unicode char U+0131 (decimal 305)
   defining Unicode char U+0168 (decimal 360)
   defining Unicode char U+0169 (decimal 361)
   defining Unicode char U+01A0 (decimal 416)
   defining Unicode char U+01A1 (decimal 417)
   defining Unicode char U+01AF (decimal 431)
   defining Unicode char U+01B0 (decimal 432)
   defining Unicode char U+1EA0 (decimal 7840)
   defining Unicode char U+1EA1 (decimal 7841)
   defining Unicode char U+1EA2 (decimal 7842)
   defining Unicode char U+1EA3 (decimal 7843)
   defining Unicode char U+1EA4 (decimal 7844)
   defining Unicode char U+1EA5 (decimal 7845)
   defining Unicode char U+1EA6 (decimal 7846)
   defining Unicode char U+1EA7 (decimal 7847)
   defining Unicode char U+1EA8 (decimal 7848)
   defining Unicode char U+1EA9 (decimal 7849)
   defining Unicode char U+1EAA (decimal 7850)
   defining Unicode char U+1EAB (decimal 7851)
   defining Unicode char U+1EAC (decimal 7852)
   defining Unicode char U+1EAD (decimal 7853)
   defining Unicode char U+1EAE (decimal 7854)
   defining Unicode char U+1EAF (decimal 7855)
   defining Unicode char U+1EB0 (decimal 7856)
   defining Unicode char U+1EB1 (decimal 7857)
   defining Unicode char U+1EB2 (decimal 7858)
   defining Unicode char U+1EB3 (decimal 7859)
   defining Unicode char U+1EB4 (decimal 7860)
   defining Unicode char U+1EB5 (decimal 7861)
   defining Unicode char U+1EB6 (decimal 7862)
   defining Unicode char U+1EB7 (decimal 7863)
   defining Unicode char U+1EB8 (decimal 7864)
   defining Unicode char U+1EB9 (decimal 7865)
   defining Unicode char U+1EBA (decimal 7866)
   defining Unicode char U+1EBB (decimal 7867)
   defining Unicode char U+1EBC (decimal 7868)
   defining Unicode char U+1EBD (decimal 7869)
   defining Unicode char U+1EBE (decimal 7870)
   defining Unicode char U+1EBF (decimal 7871)
   defining Unicode char U+1EC0 (decimal 7872)
   defining Unicode char U+1EC1 (decimal 7873)
   defining Unicode char U+1EC2 (decimal 7874)
   defining Unicode char U+1EC3 (decimal 7875)
   defining Unicode char U+1EC4 (decimal 7876)
   defining Unicode char U+1EC5 (decimal 7877)
   defining Unicode char U+1EC6 (decimal 7878)
   defining Unicode char U+1EC7 (decimal 7879)
   defining Unicode char U+1EC8 (decimal 7880)
   defining Unicode char U+1EC9 (decimal 7881)
   defining Unicode char U+1ECA (decimal 7882)
   defining Unicode char U+1ECB (decimal 7883)
   defining Unicode char U+1ECC (decimal 7884)
   defining Unicode char U+1ECD (decimal 7885)
   defining Unicode char U+1ECE (decimal 7886)
   defining Unicode char U+1ECF (decimal 7887)
   defining Unicode char U+1ED0 (decimal 7888)
   defining Unicode char U+1ED1 (decimal 7889)
   defining Unicode char U+1ED2 (decimal 7890)
   defining Unicode char U+1ED3 (decimal 7891)
   defining Unicode char U+1ED4 (decimal 7892)
   defining Unicode char U+1ED5 (decimal 7893)
   defining Unicode char U+1ED6 (decimal 7894)
   defining Unicode char U+1ED7 (decimal 7895)
   defining Unicode char U+1ED8 (decimal 7896)
   defining Unicode char U+1ED9 (decimal 7897)
   defining Unicode char U+1EDA (decimal 7898)
   defining Unicode char U+1EDB (decimal 7899)
   defining Unicode char U+1EDC (decimal 7900)
   defining Unicode char U+1EDD (decimal 7901)
   defining Unicode char U+1EDE (decimal 7902)
   defining Unicode char U+1EDF (decimal 7903)
   defining Unicode char U+1EE0 (decimal 7904)
   defining Unicode char U+1EE1 (decimal 7905)
   defining Unicode char U+1EE2 (decimal 7906)
   defining Unicode char U+1EE3 (decimal 7907)
   defining Unicode char U+1EE4 (decimal 7908)
   defining Unicode char U+1EE5 (decimal 7909)
   defining Unicode char U+1EE6 (decimal 7910)
   defining Unicode char U+1EE7 (decimal 7911)
   defining Unicode char U+1EE8 (decimal 7912)
   defining Unicode char U+1EE9 (decimal 7913)
   defining Unicode char U+1EEA (decimal 7914)
   defining Unicode char U+1EEB (decimal 7915)
   defining Unicode char U+1EEC (decimal 7916)
   defining Unicode char U+1EED (decimal 7917)
   defining Unicode char U+1EEE (decimal 7918)
   defining Unicode char U+1EEF (decimal 7919)
   defining Unicode char U+1EF0 (decimal 7920)
   defining Unicode char U+1EF1 (decimal 7921)
   defining Unicode char U+1EF2 (decimal 7922)
   defining Unicode char U+1EF3 (decimal 7923)
   defining Unicode char U+1EF4 (decimal 7924)
   defining Unicode char U+1EF5 (decimal 7925)
   defining Unicode char U+1EF6 (decimal 7926)
   defining Unicode char U+1EF7 (decimal 7927)
   defining Unicode char U+1EF8 (decimal 7928)
   defining Unicode char U+1EF9 (decimal 7929)
   defining Unicode char U+200C (decimal 8204)
   defining Unicode char U+2013 (decimal 8211)
   defining Unicode char U+2014 (decimal 8212)
   defining Unicode char U+2018 (decimal 8216)
   defining Unicode char U+2019 (decimal 8217)
   defining Unicode char U+201A (decimal 8218)
   defining Unicode char U+201C (decimal 8220)
   defining Unicode char U+201D (decimal 8221)
   defining Unicode char U+201E (decimal 8222)
   defining Unicode char U+2030 (decimal 8240)
   defining Unicode char U+2031 (decimal 8241)
   defining Unicode char U+2039 (decimal 8249)
   defining Unicode char U+203A (decimal 8250)
   defining Unicode char U+2423 (decimal 9251)
))
LaTeX Font Info:    Trying to load font information for T5+cmr on input line 11
6.

(C:\Users\ADMIN\AppData\Local\Programs\MiKTeX\tex/latex/vntex\t5cmr.fd
File: t5cmr.fd 1999/05/25 v2.5h Standard LaTeX font definitions
))
(C:\Users\ADMIN\AppData\Local\Programs\MiKTeX\tex/latex/base\inputenc.sty
Package: inputenc 2024/02/08 v1.3d Input encoding file
\inpenc@prehook=\toks17
\inpenc@posthook=\toks18
)
(C:\Users\ADMIN\AppData\Local\Programs\MiKTeX\tex/latex/biblatex\biblatex.sty
Package: biblatex 2025/07/10 v3.21 programmable bibliographies (PK/MW)

(C:\Users\ADMIN\AppData\Local\Programs\MiKTeX\tex/generic/pdftexcmds\pdftexcmds
.sty
Package: pdftexcmds 2020-06-27 v0.33 Utility functions of pdfTeX for LuaTeX (HO
)

(C:\Users\ADMIN\AppData\Local\Programs\MiKTeX\tex/generic/infwarerr\infwarerr.s
ty
Package: infwarerr 2019/12/03 v1.5 Providing info/warning/error messages (HO)
)
(C:\Users\ADMIN\AppData\Local\Programs\MiKTeX\tex/generic/ltxcmds\ltxcmds.sty
Package: ltxcmds 2023-12-04 v1.26 LaTeX kernel commands for general use (HO)
)
Package pdftexcmds Info: \pdf@primitive is available.
Package pdftexcmds Info: \pdf@ifprimitive is available.
Package pdftexcmds Info: \pdfdraftmode found.
) (C:\Users\ADMIN\AppData\Local\Programs\MiKTeX\tex/latex/etoolbox\etoolbox.sty
Package: etoolbox 2025/10/02 v2.5m e-TeX tools for LaTeX (JAW)
\etb@tempcnta=\count284
) (C:\Users\ADMIN\AppData\Local\Programs\MiKTeX\tex/latex/graphics\keyval.sty
Package: keyval 2022/05/29 v1.15 key=value parser (DPC)
\KV@toks@=\toks19
)
(C:\Users\ADMIN\AppData\Local\Programs\MiKTeX\tex/latex/kvoptions\kvoptions.sty
Package: kvoptions 2022-06-15 v3.15 Key value format for package options (HO)

(C:\Users\ADMIN\AppData\Local\Programs\MiKTeX\tex/latex/kvsetkeys\kvsetkeys.sty
Package: kvsetkeys 2022-10-05 v1.19 Key value parser (HO)
)) (C:\Users\ADMIN\AppData\Local\Programs\MiKTeX\tex/latex/logreq\logreq.sty
Package: logreq 2010/08/04 v1.0 xml request logger
\lrq@indent=\count285

(C:\Users\ADMIN\AppData\Local\Programs\MiKTeX\tex/latex/logreq\logreq.def
File: logreq.def 2010/08/04 v1.0 logreq spec v1.0
))
(C:\Users\ADMIN\AppData\Local\Programs\MiKTeX\tex/latex/base\ifthen.sty
Package: ifthen 2024/03/16 v1.1e Standard LaTeX ifthen package (DPC)
)
(C:\Users\ADMIN\AppData\Local\Programs\MiKTeX\tex/latex/url\url.sty
\Urlmuskip=\muskip17
Package: url 2013/09/16  ver 3.4  Verb mode for urls, etc.
)
\c@tabx@nest=\count286
\c@listtotal=\count287
\c@listcount=\count288
\c@liststart=\count289
\c@liststop=\count290
\c@citecount=\count291
\c@citetotal=\count292
\c@multicitecount=\count293
\c@multicitetotal=\count294
\c@instcount=\count295
\c@maxnames=\count296
\c@minnames=\count297
\c@maxitems=\count298
\c@minitems=\count299
\c@citecounter=\count300
\c@maxcitecounter=\count301
\c@savedcitecounter=\count302
\c@uniquelist=\count303
\c@uniquename=\count304
\c@refsection=\count305
\c@refsegment=\count306
\c@maxextratitle=\count307
\c@maxextratitleyear=\count308
\c@maxextraname=\count309
\c@maxextradate=\count310
\c@maxextraalpha=\count311
\c@abbrvpenalty=\count312
\c@highnamepenalty=\count313
\c@lownamepenalty=\count314
\c@maxparens=\count315
\c@parenlevel=\count316
\blx@tempcnta=\count317
\blx@tempcntb=\count318
\blx@tempcntc=\count319
\c@blx@maxsection=\count320
\blx@maxsegment@0=\count321
\blx@notetype=\count322
\blx@parenlevel@text=\count323
\blx@parenlevel@foot=\count324
\blx@sectionciteorder@0=\count325
\blx@sectionciteorderinternal@0=\count326
\blx@entrysetcounter=\count327
\blx@biblioinstance=\count328
\labelnumberwidth=\skip51
\labelalphawidth=\skip52
\biblabelsep=\skip53
\bibitemsep=\skip54
\bibnamesep=\skip55
\bibinitsep=\skip56
\bibparsep=\skip57
\bibhang=\skip58
\blx@bcfin=\read2
\blx@bcfout=\write3
\blx@langwohyphens=\language79
\c@mincomprange=\count329
\c@maxcomprange=\count330
\c@mincompwidth=\count331
Package biblatex Info: Trying to load biblatex default data model...
Package biblatex Info: ... file 'blx-dm.def' found.

(C:\Users\ADMIN\AppData\Local\Programs\MiKTeX\tex/latex/biblatex\blx-dm.def
File: blx-dm.def 2025/07/10 v3.21 biblatex datamodel (PK/MW)
)
Package biblatex Info: Trying to load biblatex style data model...
Package biblatex Info: ... file 'ieee.dbx' not found.
Package biblatex Info: Trying to load biblatex custom data model...
Package biblatex Info: ... file 'biblatex-dm.cfg' not found.
\c@afterword=\count332
\c@savedafterword=\count333
\c@annotator=\count334
\c@savedannotator=\count335
\c@author=\count336
\c@savedauthor=\count337
\c@bookauthor=\count338
\c@savedbookauthor=\count339
\c@commentator=\count340
\c@savedcommentator=\count341
\c@editor=\count342
\c@savededitor=\count343
\c@editora=\count344
\c@savededitora=\count345
\c@editorb=\count346
\c@savededitorb=\count347
\c@editorc=\count348
\c@savededitorc=\count349
\c@foreword=\count350
\c@savedforeword=\count351
\c@holder=\count352
\c@savedholder=\count353
\c@introduction=\count354
\c@savedintroduction=\count355
\c@namea=\count356
\c@savednamea=\count357
\c@nameb=\count358
\c@savednameb=\count359
\c@namec=\count360
\c@savednamec=\count361
\c@translator=\count362
\c@savedtranslator=\count363
\c@shortauthor=\count364
\c@savedshortauthor=\count365
\c@shorteditor=\count366
\c@savedshorteditor=\count367
\c@labelname=\count368
\c@savedlabelname=\count369
\c@institution=\count370
\c@savedinstitution=\count371
\c@lista=\count372
\c@savedlista=\count373
\c@listb=\count374
\c@savedlistb=\count375
\c@listc=\count376
\c@savedlistc=\count377
\c@listd=\count378
\c@savedlistd=\count379
\c@liste=\count380
\c@savedliste=\count381
\c@listf=\count382
\c@savedlistf=\count383
\c@location=\count384
\c@savedlocation=\count385
\c@organization=\count386
\c@savedorganization=\count387
\c@origlocation=\count388
\c@savedoriglocation=\count389
\c@origpublisher=\count390
\c@savedorigpublisher=\count391
\c@publisher=\count392
\c@savedpublisher=\count393
\c@language=\count394
\c@savedlanguage=\count395
\c@origlanguage=\count396
\c@savedoriglanguage=\count397
\c@pageref=\count398
\c@savedpageref=\count399
\shorthandwidth=\skip59
\shortjournalwidth=\skip60
\shortserieswidth=\skip61
\shorttitlewidth=\skip62
\shortauthorwidth=\skip63
\shorteditorwidth=\skip64
\locallabelnumberwidth=\skip65
\locallabelalphawidth=\skip66
\localshorthandwidth=\skip67
\localshortjournalwidth=\skip68
\localshortserieswidth=\skip69
\localshorttitlewidth=\skip70
\localshortauthorwidth=\skip71
\localshorteditorwidth=\skip72
Package biblatex Info: Trying to load compatibility code...
Package biblatex Info: ... file 'blx-compat.def' found.

(C:\Users\ADMIN\AppData\Local\Programs\MiKTeX\tex/latex/biblatex\blx-compat.def
File: blx-compat.def 2025/07/10 v3.21 biblatex compatibility (PK/MW)
)
Package biblatex Info: Trying to load generic definitions...
Package biblatex Info: ... file 'biblatex.def' found.
 (C:\Users\ADMIN\AppData\Local\Programs\MiKTeX\tex/latex/biblatex\biblatex.def
File: biblatex.def 2025/07/10 v3.21 biblatex compatibility (PK/MW)
\c@textcitecount=\count400
\c@textcitetotal=\count401
\c@textcitemaxnames=\count402
\c@biburlbigbreakpenalty=\count403
\c@biburlbreakpenalty=\count404
\c@biburlnumpenalty=\count405
\c@biburlucpenalty=\count406
\c@biburllcpenalty=\count407
\biburlbigskip=\muskip18
\biburlnumskip=\muskip19
\biburlucskip=\muskip20
\biburllcskip=\muskip21
\c@smartand=\count408
)
Package biblatex Info: Trying to load bibliography style 'ieee'...
Package biblatex Info: ... file 'ieee.bbx' found.

(C:\Users\ADMIN\AppData\Local\Programs\MiKTeX\tex/latex/biblatex-ieee\ieee.bbx
File: ieee.bbx 2025-08-01 v1.4f biblatex bibliography style
Package biblatex Info: Trying to load bibliography style 'numeric-comp'...
Package biblatex Info: ... file 'numeric-comp.bbx' found.

(C:\Users\ADMIN\AppData\Local\Programs\MiKTeX\tex/latex/biblatex/bbx\numeric-co
mp.bbx
File: numeric-comp.bbx 2025/07/10 v3.21 biblatex bibliography style (PK/MW)
Package biblatex Info: Trying to load bibliography style 'numeric'...
Package biblatex Info: ... file 'numeric.bbx' found.

(C:\Users\ADMIN\AppData\Local\Programs\MiKTeX\tex/latex/biblatex/bbx\numeric.bb
x
File: numeric.bbx 2025/07/10 v3.21 biblatex bibliography style (PK/MW)
Package biblatex Info: Trying to load bibliography style 'standard'...
Package biblatex Info: ... file 'standard.bbx' found.

(C:\Users\ADMIN\AppData\Local\Programs\MiKTeX\tex/latex/biblatex/bbx\standard.b
bx
File: standard.bbx 2025/07/10 v3.21 biblatex bibliography style (PK/MW)
\c@bbx:relatedcount=\count409
\c@bbx:relatedtotal=\count410
))))
Package biblatex Info: Trying to load citation style 'ieee'...
Package biblatex Info: ... file 'ieee.cbx' found.

(C:\Users\ADMIN\AppData\Local\Programs\MiKTeX\tex/latex/biblatex-ieee\ieee.cbx
File: ieee.cbx 2025-08-01 v1.4f biblatex citation style
Package biblatex Info: Trying to load citation style 'numeric-verb'...
Package biblatex Info: ... file 'numeric-verb.cbx' found.

(C:\Users\ADMIN\AppData\Local\Programs\MiKTeX\tex/latex/biblatex/cbx\numeric-ve
rb.cbx
File: numeric-verb.cbx 2025/07/10 v3.21 biblatex citation style (PK/MW)
Package biblatex Info: Redefining '\cite'.
Package biblatex Info: Redefining '\parencite'.
Package biblatex Info: Redefining '\footcite'.
Package biblatex Info: Redefining '\footcitetext'.
Package biblatex Info: Redefining '\smartcite'.
Package biblatex Info: Redefining '\textcite'.
Package biblatex Info: Redefining '\supercite'.
Package biblatex Info: Redefining '\parencites'.
Package biblatex Info: Redefining '\smartcites'.
Package biblatex Info: Redefining '\textcites'.
))
Package biblatex Info: Trying to load configuration file...
Package biblatex Info: ... file 'biblatex.cfg' found.

(C:\Users\ADMIN\AppData\Local\Programs\MiKTeX\tex/latex/biblatex\biblatex.cfg
File: biblatex.cfg 
)
Package biblatex Info: Input encoding 'utf8' detected.
Package biblatex Info: Document encoding is UTF8 ....

(C:\Users\ADMIN\AppData\Local\Programs\MiKTeX\tex/latex/l3kernel\expl3.sty
Package: expl3 2025-12-24 L3 programming layer (loader) 

(C:\Users\ADMIN\AppData\Local\Programs\MiKTeX\tex/latex/l3backend\l3backend-pdf
tex.def
File: l3backend-pdftex.def 2025-10-09 L3 backend support: PDF output (pdfTeX)
\l__color_backend_stack_int=\count411
))
Package biblatex Info: ... and expl3
(biblatex)             2025-12-24 L3 programming layer (loader) 
(biblatex)             is new enough (at least 2020/04/06),
(biblatex)             setting 'casechanger=expl3'.

(C:\Users\ADMIN\AppData\Local\Programs\MiKTeX\tex/latex/biblatex\blx-case-expl3
.sty
(C:\Users\ADMIN\AppData\Local\Programs\MiKTeX\tex/latex/l3packages/xparse\xpars
e.sty
Package: xparse 2025-10-09 L3 Experimental document command parser
)
Package: blx-case-expl3 2025/07/10 v3.21 expl3 case changing code for biblatex
))
(C:\Users\ADMIN\AppData\Local\Programs\MiKTeX\tex/latex/hyperref\hyperref.sty
Package: hyperref 2025-07-12 v7.01o Hypertext links for LaTeX

(C:\Users\ADMIN\AppData\Local\Programs\MiKTeX\tex/generic/kvdefinekeys\kvdefine
keys.sty
Package: kvdefinekeys 2019-12-19 v1.6 Define keys (HO)
)
(C:\Users\ADMIN\AppData\Local\Programs\MiKTeX\tex/generic/pdfescape\pdfescape.s
ty
Package: pdfescape 2019/12/09 v1.15 Implements pdfTeX's escape features (HO)
) (C:\Users\ADMIN\AppData\Local\Programs\MiKTeX\tex/latex/hycolor\hycolor.sty
Package: hycolor 2020-01-27 v1.10 Color options for hyperref/bookmark (HO)
) (C:\Users\ADMIN\AppData\Local\Programs\MiKTeX\tex/latex/hyperref\nameref.sty
Package: nameref 2025-06-21 v2.57 Cross-referencing by name of section

(C:\Users\ADMIN\AppData\Local\Programs\MiKTeX\tex/latex/refcount\refcount.sty
Package: refcount 2019/12/15 v3.6 Data extraction from label references (HO)
)
(C:\Users\ADMIN\AppData\Local\Programs\MiKTeX\tex/generic/gettitlestring\gettit
lestring.sty
Package: gettitlestring 2019/12/15 v1.6 Cleanup title references (HO)
)
\c@section@level=\count412
)
(C:\Users\ADMIN\AppData\Local\Programs\MiKTeX\tex/generic/stringenc\stringenc.s
ty
Package: stringenc 2019/11/29 v1.12 Convert strings between diff. encodings (HO
)
)
\@linkdim=\dimen150
\Hy@linkcounter=\count413
\Hy@pagecounter=\count414
 (C:\Users\ADMIN\AppData\Local\Programs\MiKTeX\tex/latex/hyperref\pd1enc.def
File: pd1enc.def 2025-07-12 v7.01o Hyperref: PDFDocEncoding definition (HO)
Now handling font encoding PD1 ...
... no UTF-8 mapping file for font encoding PD1
) (C:\Users\ADMIN\AppData\Local\Programs\MiKTeX\tex/generic/intcalc\intcalc.sty
Package: intcalc 2019/12/15 v1.3 Expandable calculations with integers (HO)
)
\Hy@SavedSpaceFactor=\count415
 (C:\Users\ADMIN\AppData\Local\Programs\MiKTeX\tex/latex/hyperref\puenc.def
File: puenc.def 2025-07-12 v7.01o Hyperref: PDF Unicode definition (HO)
Now handling font encoding PU ...
... no UTF-8 mapping file for font encoding PU
)
Package hyperref Info: Option `unicode' set `true' on input line 4066.
Package hyperref Info: Option `hypertexnames' set `false' on input line 4066.
Package hyperref Info: Hyper figures OFF on input line 4195.
Package hyperref Info: Link nesting OFF on input line 4200.
Package hyperref Info: Hyper index ON on input line 4203.
Package hyperref Info: Plain pages OFF on input line 4210.
Package hyperref Info: Backreferencing OFF on input line 4215.
Package hyperref Info: Implicit mode ON; LaTeX internals redefined.
Package hyperref Info: Bookmarks ON on input line 4462.
\c@Hy@tempcnt=\count416
LaTeX Info: Redefining \url on input line 4801.
\XeTeXLinkMargin=\dimen151

(C:\Users\ADMIN\AppData\Local\Programs\MiKTeX\tex/generic/bitset\bitset.sty
Package: bitset 2019/12/09 v1.3 Handle bit-vector datatype (HO)

(C:\Users\ADMIN\AppData\Local\Programs\MiKTeX\tex/generic/bigintcalc\bigintcalc
.sty
Package: bigintcalc 2019/12/15 v1.5 Expandable calculations on big integers (HO
)
))
\Fld@menulength=\count417
\Field@Width=\dimen152
\Fld@charsize=\dimen153
Package hyperref Info: Hyper figures OFF on input line 6078.
Package hyperref Info: Link nesting OFF on input line 6083.
Package hyperref Info: Hyper index ON on input line 6086.
Package hyperref Info: backreferencing OFF on input line 6093.
Package hyperref Info: Link coloring OFF on input line 6098.
Package hyperref Info: Link coloring with OCG OFF on input line 6103.
Package hyperref Info: PDF/A mode OFF on input line 6108.
\Hy@abspage=\count418
\c@Item=\count419
\c@Hfootnote=\count420
)
Package hyperref Info: Driver (autodetected): hpdftex.

(C:\Users\ADMIN\AppData\Local\Programs\MiKTeX\tex/latex/hyperref\hpdftex.def
File: hpdftex.def 2025-07-12 v7.01o Hyperref driver for pdfTeX
\Fld@listcount=\count421
\c@bookmark@seq@number=\count422

(C:\Users\ADMIN\AppData\Local\Programs\MiKTeX\tex/latex/rerunfilecheck\rerunfil
echeck.sty
Package: rerunfilecheck 2025-06-21 v1.11 Rerun checks for auxiliary files (HO)

(C:\Users\ADMIN\AppData\Local\Programs\MiKTeX\tex/generic/uniquecounter\uniquec
ounter.sty
Package: uniquecounter 2019/12/15 v1.4 Provide unlimited unique counter (HO)
)
Package uniquecounter Info: New unique counter `rerunfilecheck' on input line 2
84.
)
\Hy@SectionHShift=\skip73
)
(C:\Users\ADMIN\AppData\Local\Programs\MiKTeX\tex/latex/graphics\graphicx.sty
Package: graphicx 2024/12/31 v1.2e Enhanced LaTeX Graphics (DPC,SPQR)

(C:\Users\ADMIN\AppData\Local\Programs\MiKTeX\tex/latex/graphics\graphics.sty
Package: graphics 2024/08/06 v1.4g Standard LaTeX Graphics (DPC,SPQR)

(C:\Users\ADMIN\AppData\Local\Programs\MiKTeX\tex/latex/graphics\trig.sty
Package: trig 2023/12/02 v1.11 sin cos tan (DPC)
)
(C:\Users\ADMIN\AppData\Local\Programs\MiKTeX\tex/latex/graphics-cfg\graphics.c
fg
File: graphics.cfg 2016/06/04 v1.11 sample graphics configuration
)
Package graphics Info: Driver file: pdftex.def on input line 106.

(C:\Users\ADMIN\AppData\Local\Programs\MiKTeX\tex/latex/graphics-def\pdftex.def
File: pdftex.def 2025/09/29 v1.2d Graphics/color driver for pdftex
))
\Gin@req@height=\dimen154
\Gin@req@width=\dimen155
)
(C:\Users\ADMIN\AppData\Local\Programs\MiKTeX\tex/latex/listings\listings.sty
\lst@mode=\count423
\lst@gtempboxa=\box53
\lst@token=\toks20
\lst@length=\count424
\lst@currlwidth=\dimen156
\lst@column=\count425
\lst@pos=\count426
\lst@lostspace=\dimen157
\lst@width=\dimen158
\lst@newlines=\count427
\lst@lineno=\count428
\lst@maxwidth=\dimen159

(C:\Users\ADMIN\AppData\Local\Programs\MiKTeX\tex/latex/listings\lstpatch.sty
File: lstpatch.sty 2025/11/14 1.11b (Carsten Heinz)
)
(C:\Users\ADMIN\AppData\Local\Programs\MiKTeX\tex/latex/listings\lstmisc.sty
File: lstmisc.sty 2025/11/14 1.11b (Carsten Heinz)
\c@lstnumber=\count429
\lst@skipnumbers=\count430
\lst@framebox=\box54
)
(C:\Users\ADMIN\AppData\Local\Programs\MiKTeX\tex/latex/listings\listings.cfg
File: listings.cfg 2025/11/14 1.11b listings configuration
))
Package: listings 2025/11/14 1.11b (Carsten Heinz)
==> First Aid for listings.sty no longer applied!
    Expected:
        2024/09/23 1.10c (Carsten Heinz)
    but found:
        2025/11/14 1.11b (Carsten Heinz)
    so I'm assuming it got fixed.
(C:\Users\ADMIN\AppData\Local\Programs\MiKTeX\tex/latex/xcolor\xcolor.sty
Package: xcolor 2024/09/29 v3.02 LaTeX color extensions (UK)

(C:\Users\ADMIN\AppData\Local\Programs\MiKTeX\tex/latex/graphics-cfg\color.cfg
File: color.cfg 2016/01/02 v1.6 sample color configuration
)
Package xcolor Info: Driver file: pdftex.def on input line 274.
(C:\Users\ADMIN\AppData\Local\Programs\MiKTeX\tex/latex/graphics\mathcolor.ltx)
Package xcolor Info: Model `cmy' substituted by `cmy0' on input line 1349.
Package xcolor Info: Model `hsb' substituted by `rgb' on input line 1353.
Package xcolor Info: Model `RGB' extended on input line 1365.
Package xcolor Info: Model `HTML' substituted by `rgb' on input line 1367.
Package xcolor Info: Model `Hsb' substituted by `hsb' on input line 1368.
Package xcolor Info: Model `tHsb' substituted by `hsb' on input line 1369.
Package xcolor Info: Model `HSB' substituted by `hsb' on input line 1370.
Package xcolor Info: Model `Gray' substituted by `gray' on input line 1371.
Package xcolor Info: Model `wave' substituted by `hsb' on input line 1372.
) (C:\Users\ADMIN\AppData\Local\Programs\MiKTeX\tex/latex/amsmath\amsmath.sty
Package: amsmath 2025/07/09 v2.17z AMS math features
\@mathmargin=\skip74

For additional information on amsmath, use the `?' option.
(C:\Users\ADMIN\AppData\Local\Programs\MiKTeX\tex/latex/amsmath\amstext.sty
Package: amstext 2024/11/17 v2.01 AMS text

(C:\Users\ADMIN\AppData\Local\Programs\MiKTeX\tex/latex/amsmath\amsgen.sty
File: amsgen.sty 1999/11/30 v2.0 generic functions
\@emptytoks=\toks21
\ex@=\dimen160
))
(C:\Users\ADMIN\AppData\Local\Programs\MiKTeX\tex/latex/amsmath\amsbsy.sty
Package: amsbsy 1999/11/29 v1.2d Bold Symbols
\pmbraise@=\dimen161
)
(C:\Users\ADMIN\AppData\Local\Programs\MiKTeX\tex/latex/amsmath\amsopn.sty
Package: amsopn 2022/04/08 v2.04 operator names
)
\inf@bad=\count431
LaTeX Info: Redefining \frac on input line 233.
\uproot@=\count432
\leftroot@=\count433
LaTeX Info: Redefining \overline on input line 398.
LaTeX Info: Redefining \colon on input line 409.
\classnum@=\count434
\DOTSCASE@=\count435
LaTeX Info: Redefining \ldots on input line 495.
LaTeX Info: Redefining \dots on input line 498.
LaTeX Info: Redefining \cdots on input line 619.
\Mathstrutbox@=\box55
\strutbox@=\box56
LaTeX Info: Redefining \big on input line 721.
LaTeX Info: Redefining \Big on input line 722.
LaTeX Info: Redefining \bigg on input line 723.
LaTeX Info: Redefining \Bigg on input line 724.
\big@size=\dimen162
LaTeX Font Info:    Redeclaring font encoding OML on input line 742.
LaTeX Font Info:    Redeclaring font encoding OMS on input line 743.
\macc@depth=\count436
LaTeX Info: Redefining \bmod on input line 904.
LaTeX Info: Redefining \pmod on input line 909.
LaTeX Info: Redefining \smash on input line 939.
LaTeX Info: Redefining \relbar on input line 969.
LaTeX Info: Redefining \Relbar on input line 970.
\c@MaxMatrixCols=\count437
\dotsspace@=\muskip22
\c@parentequation=\count438
\dspbrk@lvl=\count439
\tag@help=\toks22
\row@=\count440
\column@=\count441
\maxfields@=\count442
\andhelp@=\toks23
\eqnshift@=\dimen163
\alignsep@=\dimen164
\tagshift@=\dimen165
\tagwidth@=\dimen166
\totwidth@=\dimen167
\lineht@=\dimen168
\@envbody=\toks24
\multlinegap=\skip75
\multlinetaggap=\skip76
\mathdisplay@stack=\toks25
LaTeX Info: Redefining \[ on input line 2950.
LaTeX Info: Redefining \] on input line 2951.
)
(C:\Users\ADMIN\AppData\Local\Programs\MiKTeX\tex/latex/algorithms\algorithm.st
y
Package: algorithm 2009/08/24 v0.1 Document Style `algorithm' - floating enviro
nment
 (C:\Users\ADMIN\AppData\Local\Programs\MiKTeX\tex/latex/float\float.sty
Package: float 2001/11/08 v1.3d Float enhancements (AL)
\c@float@type=\count443
\float@exts=\toks26
\float@box=\box57
\@float@everytoks=\toks27
\@floatcapt=\box58
)
\@float@every@algorithm=\toks28
\c@algorithm=\count444
)
(C:\Users\ADMIN\AppData\Local\Programs\MiKTeX\tex/latex/algorithmicx\algpseudoc
ode.sty
Package: algpseudocode 

(C:\Users\ADMIN\AppData\Local\Programs\MiKTeX\tex/latex/algorithmicx\algorithmi
cx.sty
Package: algorithmicx 2005/04/27 v1.2 Algorithmicx

Document Style algorithmicx 1.2 - a greatly improved `algorithmic' style
\c@ALG@line=\count445
\c@ALG@rem=\count446
\c@ALG@nested=\count447
\ALG@tlm=\skip77
\ALG@thistlm=\skip78
\c@ALG@Lnr=\count448
\c@ALG@blocknr=\count449
\c@ALG@storecount=\count450
\c@ALG@tmpcounter=\count451
\ALG@tmplength=\skip79
)
Document Style - pseudocode environments for use with the `algorithmicx' style
) (C:\Users\ADMIN\AppData\Local\Programs\MiKTeX\tex/latex/multirow\multirow.sty
Package: multirow 2024/11/12 v2.9 Span multiple rows of a table
\multirow@colwidth=\skip80
\multirow@cntb=\count452
\multirow@dima=\skip81
\bigstrutjot=\dimen169
) (C:\Users\ADMIN\AppData\Local\Programs\MiKTeX\tex/latex/tools\array.sty
Package: array 2025/09/25 v2.6n Tabular extension package (FMi)
\col@sep=\dimen170
\ar@mcellbox=\box59
\extrarowheight=\dimen171
\NC@list=\toks29
\extratabsurround=\skip82
\backup@length=\skip83
\ar@cellbox=\box60
)
(C:\Users\ADMIN\AppData\Local\Programs\MiKTeX\tex/latex/tools\tabularx.sty
Package: tabularx 2023/12/11 v2.12a `tabularx' package (DPC)
\TX@col@width=\dimen172
\TX@old@table=\dimen173
\TX@old@col=\dimen174
\TX@target=\dimen175
\TX@delta=\dimen176
\TX@cols=\count453
\TX@ftn=\toks30
)
(C:\Users\ADMIN\AppData\Local\Programs\MiKTeX\tex/latex/tools\longtable.sty
Package: longtable 2025-10-13 v4.24 Multi-page Table package (DPC)
\LTleft=\skip84
\LTright=\skip85
\LTpre=\skip86
\LTpost=\skip87
\LTchunksize=\count454
\LTcapwidth=\dimen177
\LT@head=\box61
\LT@firsthead=\box62
\LT@foot=\box63
\LT@lastfoot=\box64
\LT@gbox=\box65
\LT@cols=\count455
\LT@rows=\count456
\c@LT@tables=\count457
\c@LT@chunks=\count458
\LT@p@ftn=\toks31
)
(C:\Users\ADMIN\AppData\Local\Programs\MiKTeX\tex/latex/capt-of\capt-of.sty
Package: capt-of 2009/12/29 v0.2 standard captions outside of floats
)
(C:\Users\ADMIN\AppData\Local\Programs\MiKTeX\tex/latex/caption\caption.sty
Package: caption 2023/08/05 v3.6o Customizing captions (AR)

(C:\Users\ADMIN\AppData\Local\Programs\MiKTeX\tex/latex/caption\caption3.sty
Package: caption3 2023/07/31 v2.4d caption3 kernel (AR)
\caption@tempdima=\dimen178
\captionmargin=\dimen179
\caption@leftmargin=\dimen180
\caption@rightmargin=\dimen181
\caption@width=\dimen182
\caption@indent=\dimen183
\caption@parindent=\dimen184
\caption@hangindent=\dimen185
Package caption Info: Standard document class detected.
)
\c@caption@flags=\count459
\c@continuedfloat=\count460
Package caption Info: float package is loaded.
Package caption Info: hyperref package is loaded.
Package caption Info: listings package is loaded.
Package caption Info: longtable package is loaded.

(C:\Users\ADMIN\AppData\Local\Programs\MiKTeX\tex/latex/caption\ltcaption.sty
Package: ltcaption 2021/01/08 v1.4c longtable captions (AR)
)) (C:\Users\ADMIN\AppData\Local\Programs\MiKTeX\tex/latex/seqsplit\seqsplit.st
y
Package: seqsplit 2006/08/07 v0.1 Splitting long sequences (DNA, RNA, proteins,
 etc.) 
) (C:\Users\ADMIN\AppData\Local\Programs\MiKTeX\tex/latex/ragged2e\ragged2e.sty
Package: ragged2e 2023/06/22 v3.6 ragged2e Package
\CenteringLeftskip=\skip88
\RaggedLeftLeftskip=\skip89
\RaggedRightLeftskip=\skip90
\CenteringRightskip=\skip91
\RaggedLeftRightskip=\skip92
\RaggedRightRightskip=\skip93
\CenteringParfillskip=\skip94
\RaggedLeftParfillskip=\skip95
\RaggedRightParfillskip=\skip96
\JustifyingParfillskip=\skip97
\CenteringParindent=\skip98
\RaggedLeftParindent=\skip99
\RaggedRightParindent=\skip100
\JustifyingParindent=\skip101
) (C:\Users\ADMIN\AppData\Local\Programs\MiKTeX\tex/latex/titlesec\titlesec.sty
Package: titlesec 2025/01/04 v2.17 Sectioning titles
\ttl@box=\box66
\beforetitleunit=\skip102
\aftertitleunit=\skip103
\ttl@plus=\dimen186
\ttl@minus=\dimen187
\ttl@toksa=\toks32
\titlewidth=\dimen188
\titlewidthlast=\dimen189
\titlewidthfirst=\dimen190
) (C:\Users\ADMIN\AppData\Local\Programs\MiKTeX\tex/latex/setspace\setspace.sty
Package: setspace 2022/12/04 v6.7b set line spacing
) (C:\Users\ADMIN\AppData\Local\Programs\MiKTeX\tex/latex/tools\indentfirst.sty
Package: indentfirst 2023/07/02 v1.03 Indent first paragraph (DPC)
) (C:\Users\ADMIN\AppData\Local\Programs\MiKTeX\tex/latex/geometry\geometry.sty
Package: geometry 2026/03/07 v6.0 Page Geometry

(C:\Users\ADMIN\AppData\Local\Programs\MiKTeX\tex/generic/iftex\ifvtex.sty
Package: ifvtex 2019/10/25 v1.7 ifvtex legacy package. Use iftex instead.
)
\Gm@cnth=\count461
\Gm@cntv=\count462
\c@Gm@tempcnt=\count463
\Gm@bindingoffset=\dimen191
\Gm@wd@mp=\dimen192
\Gm@odd@mp=\dimen193
\Gm@even@mp=\dimen194
\Gm@layoutwidth=\dimen195
\Gm@layoutheight=\dimen196
\Gm@layouthoffset=\dimen197
\Gm@layoutvoffset=\dimen198
\Gm@dimlist=\toks33

(C:\Users\ADMIN\AppData\Local\Programs\MiKTeX\tex/latex/geometry\geometry.cfg))
(C:\Users\ADMIN\AppData\Local\Programs\MiKTeX\tex/latex/fancyhdr\fancyhdr.sty
Package: fancyhdr 2025/02/07 v5.2 Extensive control of page headers and footers

\f@nch@headwidth=\skip104
\f@nch@offset@elh=\skip105
\f@nch@offset@erh=\skip106
\f@nch@offset@olh=\skip107
\f@nch@offset@orh=\skip108
\f@nch@offset@elf=\skip109
\f@nch@offset@erf=\skip110
\f@nch@offset@olf=\skip111
\f@nch@offset@orf=\skip112
\f@nch@height=\skip113
\f@nch@footalignment=\skip114
\f@nch@widthL=\skip115
\f@nch@widthC=\skip116
\f@nch@widthR=\skip117
\@temptokenb=\toks34
)
(C:\Users\ADMIN\AppData\Local\Programs\MiKTeX\tex/latex/pgf/frontendlayer\tikz.
sty
(C:\Users\ADMIN\AppData\Local\Programs\MiKTeX\tex/latex/pgf/basiclayer\pgf.sty
(C:\Users\ADMIN\AppData\Local\Programs\MiKTeX\tex/latex/pgf/utilities\pgfrcs.st
y
(C:\Users\ADMIN\AppData\Local\Programs\MiKTeX\tex/generic/pgf/utilities\pgfutil
-common.tex
\pgfutil@everybye=\toks35
\pgfutil@tempdima=\dimen199
\pgfutil@tempdimb=\dimen256
)
(C:\Users\ADMIN\AppData\Local\Programs\MiKTeX\tex/generic/pgf/utilities\pgfutil
-latex.def
\pgfutil@abb=\box67
)
(C:\Users\ADMIN\AppData\Local\Programs\MiKTeX\tex/generic/pgf/utilities\pgfrcs.
code.tex
(C:\Users\ADMIN\AppData\Local\Programs\MiKTeX\tex/generic/pgf\pgf.revision.tex)
Package: pgfrcs 2025-08-29 v3.1.11a (3.1.11a)
))
Package: pgf 2025-08-29 v3.1.11a (3.1.11a)

(C:\Users\ADMIN\AppData\Local\Programs\MiKTeX\tex/latex/pgf/basiclayer\pgfcore.
sty
(C:\Users\ADMIN\AppData\Local\Programs\MiKTeX\tex/latex/pgf/systemlayer\pgfsys.
sty
(C:\Users\ADMIN\AppData\Local\Programs\MiKTeX\tex/generic/pgf/systemlayer\pgfsy
s.code.tex
Package: pgfsys 2025-08-29 v3.1.11a (3.1.11a)

(C:\Users\ADMIN\AppData\Local\Programs\MiKTeX\tex/generic/pgf/utilities\pgfkeys
.code.tex
\pgfkeys@pathtoks=\toks36
\pgfkeys@temptoks=\toks37

(C:\Users\ADMIN\AppData\Local\Programs\MiKTeX\tex/generic/pgf/utilities\pgfkeys
libraryfiltered.code.tex
\pgfkeys@tmptoks=\toks38
))
\pgf@x=\dimen257
\pgf@y=\dimen258
\pgf@xa=\dimen259
\pgf@ya=\dimen260
\pgf@xb=\dimen261
\pgf@yb=\dimen262
\pgf@xc=\dimen263
\pgf@yc=\dimen264
\pgf@xd=\dimen265
\pgf@yd=\dimen266
\w@pgf@writea=\write4
\r@pgf@reada=\read3
\c@pgf@counta=\count464
\c@pgf@countb=\count465
\c@pgf@countc=\count466
\c@pgf@countd=\count467
\t@pgf@toka=\toks39
\t@pgf@tokb=\toks40
\t@pgf@tokc=\toks41
\pgf@sys@id@count=\count468

(C:\Users\ADMIN\AppData\Local\Programs\MiKTeX\tex/generic/pgf/systemlayer\pgf.c
fg
File: pgf.cfg 2025-08-29 v3.1.11a (3.1.11a)
)
Driver file for pgf: pgfsys-pdftex.def

(C:\Users\ADMIN\AppData\Local\Programs\MiKTeX\tex/generic/pgf/systemlayer\pgfsy
s-pdftex.def
File: pgfsys-pdftex.def 2025-08-29 v3.1.11a (3.1.11a)

(C:\Users\ADMIN\AppData\Local\Programs\MiKTeX\tex/generic/pgf/systemlayer\pgfsy
s-common-pdf.def
File: pgfsys-common-pdf.def 2025-08-29 v3.1.11a (3.1.11a)
)))
(C:\Users\ADMIN\AppData\Local\Programs\MiKTeX\tex/generic/pgf/systemlayer\pgfsy
ssoftpath.code.tex
File: pgfsyssoftpath.code.tex 2025-08-29 v3.1.11a (3.1.11a)
\pgfsyssoftpath@smallbuffer@items=\count469
\pgfsyssoftpath@bigbuffer@items=\count470
)
(C:\Users\ADMIN\AppData\Local\Programs\MiKTeX\tex/generic/pgf/systemlayer\pgfsy
sprotocol.code.tex
File: pgfsysprotocol.code.tex 2025-08-29 v3.1.11a (3.1.11a)
))
(C:\Users\ADMIN\AppData\Local\Programs\MiKTeX\tex/generic/pgf/basiclayer\pgfcor
e.code.tex
Package: pgfcore 2025-08-29 v3.1.11a (3.1.11a)

(C:\Users\ADMIN\AppData\Local\Programs\MiKTeX\tex/generic/pgf/math\pgfmath.code
.tex
(C:\Users\ADMIN\AppData\Local\Programs\MiKTeX\tex/generic/pgf/math\pgfmathutil.
code.tex)
(C:\Users\ADMIN\AppData\Local\Programs\MiKTeX\tex/generic/pgf/math\pgfmathparse
r.code.tex
\pgfmath@dimen=\dimen267
\pgfmath@count=\count471
\pgfmath@box=\box68
\pgfmath@toks=\toks42
\pgfmath@stack@operand=\toks43
\pgfmath@stack@operation=\toks44
)
(C:\Users\ADMIN\AppData\Local\Programs\MiKTeX\tex/generic/pgf/math\pgfmathfunct
ions.code.tex)
(C:\Users\ADMIN\AppData\Local\Programs\MiKTeX\tex/generic/pgf/math\pgfmathfunct
ions.basic.code.tex)
(C:\Users\ADMIN\AppData\Local\Programs\MiKTeX\tex/generic/pgf/math\pgfmathfunct
ions.trigonometric.code.tex)
(C:\Users\ADMIN\AppData\Local\Programs\MiKTeX\tex/generic/pgf/math\pgfmathfunct
ions.random.code.tex)
(C:\Users\ADMIN\AppData\Local\Programs\MiKTeX\tex/generic/pgf/math\pgfmathfunct
ions.comparison.code.tex)
(C:\Users\ADMIN\AppData\Local\Programs\MiKTeX\tex/generic/pgf/math\pgfmathfunct
ions.base.code.tex)
(C:\Users\ADMIN\AppData\Local\Programs\MiKTeX\tex/generic/pgf/math\pgfmathfunct
ions.round.code.tex)
(C:\Users\ADMIN\AppData\Local\Programs\MiKTeX\tex/generic/pgf/math\pgfmathfunct
ions.misc.code.tex)
(C:\Users\ADMIN\AppData\Local\Programs\MiKTeX\tex/generic/pgf/math\pgfmathfunct
ions.integerarithmetics.code.tex)
(C:\Users\ADMIN\AppData\Local\Programs\MiKTeX\tex/generic/pgf/math\pgfmathcalc.
code.tex)
(C:\Users\ADMIN\AppData\Local\Programs\MiKTeX\tex/generic/pgf/math\pgfmathfloat
.code.tex
\c@pgfmathroundto@lastzeros=\count472
))
(C:\Users\ADMIN\AppData\Local\Programs\MiKTeX\tex/generic/pgf/math\pgfint.code.
tex)
(C:\Users\ADMIN\AppData\Local\Programs\MiKTeX\tex/generic/pgf/basiclayer\pgfcor
epoints.code.tex
File: pgfcorepoints.code.tex 2025-08-29 v3.1.11a (3.1.11a)
\pgf@picminx=\dimen268
\pgf@picmaxx=\dimen269
\pgf@picminy=\dimen270
\pgf@picmaxy=\dimen271
\pgf@pathminx=\dimen272
\pgf@pathmaxx=\dimen273
\pgf@pathminy=\dimen274
\pgf@pathmaxy=\dimen275
\pgf@xx=\dimen276
\pgf@xy=\dimen277
\pgf@yx=\dimen278
\pgf@yy=\dimen279
\pgf@zx=\dimen280
\pgf@zy=\dimen281
)
(C:\Users\ADMIN\AppData\Local\Programs\MiKTeX\tex/generic/pgf/basiclayer\pgfcor
epathconstruct.code.tex
File: pgfcorepathconstruct.code.tex 2025-08-29 v3.1.11a (3.1.11a)
\pgf@path@lastx=\dimen282
\pgf@path@lasty=\dimen283
)
(C:\Users\ADMIN\AppData\Local\Programs\MiKTeX\tex/generic/pgf/basiclayer\pgfcor
epathusage.code.tex
File: pgfcorepathusage.code.tex 2025-08-29 v3.1.11a (3.1.11a)
\pgf@shorten@end@additional=\dimen284
\pgf@shorten@start@additional=\dimen285
)
(C:\Users\ADMIN\AppData\Local\Programs\MiKTeX\tex/generic/pgf/basiclayer\pgfcor
escopes.code.tex
File: pgfcorescopes.code.tex 2025-08-29 v3.1.11a (3.1.11a)
\pgfpic=\box69
\pgf@hbox=\box70
\pgf@layerbox@main=\box71
\pgf@picture@serial@count=\count473
)
(C:\Users\ADMIN\AppData\Local\Programs\MiKTeX\tex/generic/pgf/basiclayer\pgfcor
egraphicstate.code.tex
File: pgfcoregraphicstate.code.tex 2025-08-29 v3.1.11a (3.1.11a)
\pgflinewidth=\dimen286
)
(C:\Users\ADMIN\AppData\Local\Programs\MiKTeX\tex/generic/pgf/basiclayer\pgfcor
etransformations.code.tex
File: pgfcoretransformations.code.tex 2025-08-29 v3.1.11a (3.1.11a)
\pgf@pt@x=\dimen287
\pgf@pt@y=\dimen288
\pgf@pt@temp=\dimen289
)
(C:\Users\ADMIN\AppData\Local\Programs\MiKTeX\tex/generic/pgf/basiclayer\pgfcor
equick.code.tex
File: pgfcorequick.code.tex 2025-08-29 v3.1.11a (3.1.11a)
)
(C:\Users\ADMIN\AppData\Local\Programs\MiKTeX\tex/generic/pgf/basiclayer\pgfcor
eobjects.code.tex
File: pgfcoreobjects.code.tex 2025-08-29 v3.1.11a (3.1.11a)
)
(C:\Users\ADMIN\AppData\Local\Programs\MiKTeX\tex/generic/pgf/basiclayer\pgfcor
epathprocessing.code.tex
File: pgfcorepathprocessing.code.tex 2025-08-29 v3.1.11a (3.1.11a)
)
(C:\Users\ADMIN\AppData\Local\Programs\MiKTeX\tex/generic/pgf/basiclayer\pgfcor
earrows.code.tex
File: pgfcorearrows.code.tex 2025-08-29 v3.1.11a (3.1.11a)
\pgfarrowsep=\dimen290
)
(C:\Users\ADMIN\AppData\Local\Programs\MiKTeX\tex/generic/pgf/basiclayer\pgfcor
eshade.code.tex
File: pgfcoreshade.code.tex 2025-08-29 v3.1.11a (3.1.11a)
\pgf@max=\dimen291
\pgf@sys@shading@range@num=\count474
\pgf@shadingcount=\count475
)
(C:\Users\ADMIN\AppData\Local\Programs\MiKTeX\tex/generic/pgf/basiclayer\pgfcor
eimage.code.tex
File: pgfcoreimage.code.tex 2025-08-29 v3.1.11a (3.1.11a)
)
(C:\Users\ADMIN\AppData\Local\Programs\MiKTeX\tex/generic/pgf/basiclayer\pgfcor
eexternal.code.tex
File: pgfcoreexternal.code.tex 2025-08-29 v3.1.11a (3.1.11a)
\pgfexternal@startupbox=\box72
)
(C:\Users\ADMIN\AppData\Local\Programs\MiKTeX\tex/generic/pgf/basiclayer\pgfcor
elayers.code.tex
File: pgfcorelayers.code.tex 2025-08-29 v3.1.11a (3.1.11a)
)
(C:\Users\ADMIN\AppData\Local\Programs\MiKTeX\tex/generic/pgf/basiclayer\pgfcor
etransparency.code.tex
File: pgfcoretransparency.code.tex 2025-08-29 v3.1.11a (3.1.11a)
)
(C:\Users\ADMIN\AppData\Local\Programs\MiKTeX\tex/generic/pgf/basiclayer\pgfcor
epatterns.code.tex
File: pgfcorepatterns.code.tex 2025-08-29 v3.1.11a (3.1.11a)
)
(C:\Users\ADMIN\AppData\Local\Programs\MiKTeX\tex/generic/pgf/basiclayer\pgfcor
erdf.code.tex
File: pgfcorerdf.code.tex 2025-08-29 v3.1.11a (3.1.11a)
)))
(C:\Users\ADMIN\AppData\Local\Programs\MiKTeX\tex/generic/pgf/modules\pgfmodule
shapes.code.tex
File: pgfmoduleshapes.code.tex 2025-08-29 v3.1.11a (3.1.11a)
\pgfnodeparttextbox=\box73
)
(C:\Users\ADMIN\AppData\Local\Programs\MiKTeX\tex/generic/pgf/modules\pgfmodule
plot.code.tex
File: pgfmoduleplot.code.tex 2025-08-29 v3.1.11a (3.1.11a)
)
(C:\Users\ADMIN\AppData\Local\Programs\MiKTeX\tex/latex/pgf/compatibility\pgfco
mp-version-0-65.sty
Package: pgfcomp-version-0-65 2025-08-29 v3.1.11a (3.1.11a)
\pgf@nodesepstart=\dimen292
\pgf@nodesepend=\dimen293
)
(C:\Users\ADMIN\AppData\Local\Programs\MiKTeX\tex/latex/pgf/compatibility\pgfco
mp-version-1-18.sty
Package: pgfcomp-version-1-18 2025-08-29 v3.1.11a (3.1.11a)
))
(C:\Users\ADMIN\AppData\Local\Programs\MiKTeX\tex/latex/pgf/utilities\pgffor.st
y
(C:\Users\ADMIN\AppData\Local\Programs\MiKTeX\tex/latex/pgf/utilities\pgfkeys.s
ty
(C:\Users\ADMIN\AppData\Local\Programs\MiKTeX\tex/generic/pgf/utilities\pgfkeys
.code.tex))
(C:\Users\ADMIN\AppData\Local\Programs\MiKTeX\tex/latex/pgf/math\pgfmath.sty
(C:\Users\ADMIN\AppData\Local\Programs\MiKTeX\tex/generic/pgf/math\pgfmath.code
.tex))
(C:\Users\ADMIN\AppData\Local\Programs\MiKTeX\tex/generic/pgf/utilities\pgffor.
code.tex
Package: pgffor 2025-08-29 v3.1.11a (3.1.11a)
\pgffor@iter=\dimen294
\pgffor@skip=\dimen295
\pgffor@stack=\toks45
\pgffor@toks=\toks46
))
(C:\Users\ADMIN\AppData\Local\Programs\MiKTeX\tex/generic/pgf/frontendlayer/tik
z\tikz.code.tex
Package: tikz 2025-08-29 v3.1.11a (3.1.11a)

(C:\Users\ADMIN\AppData\Local\Programs\MiKTeX\tex/generic/pgf/libraries\pgflibr
aryplothandlers.code.tex
File: pgflibraryplothandlers.code.tex 2025-08-29 v3.1.11a (3.1.11a)
\pgf@plot@mark@count=\count476
\pgfplotmarksize=\dimen296
)
\tikz@lastx=\dimen297
\tikz@lasty=\dimen298
\tikz@lastxsaved=\dimen299
\tikz@lastysaved=\dimen300
\tikz@lastmovetox=\dimen301
\tikz@lastmovetoy=\dimen302
\tikzleveldistance=\dimen303
\tikzsiblingdistance=\dimen304
\tikz@figbox=\box74
\tikz@figbox@bg=\box75
\tikz@tempbox=\box76
\tikz@tempbox@bg=\box77
\tikztreelevel=\count477
\tikznumberofchildren=\count478
\tikznumberofcurrentchild=\count479
\tikz@fig@count=\count480

(C:\Users\ADMIN\AppData\Local\Programs\MiKTeX\tex/generic/pgf/modules\pgfmodule
matrix.code.tex
File: pgfmodulematrix.code.tex 2025-08-29 v3.1.11a (3.1.11a)
\pgfmatrixcurrentrow=\count481
\pgfmatrixcurrentcolumn=\count482
\pgf@matrix@numberofcolumns=\count483
)
\tikz@expandcount=\count484

(C:\Users\ADMIN\AppData\Local\Programs\MiKTeX\tex/generic/pgf/frontendlayer/tik
z/libraries\tikzlibrarytopaths.code.tex
File: tikzlibrarytopaths.code.tex 2025-08-29 v3.1.11a (3.1.11a)
)))
(C:\Users\ADMIN\AppData\Local\Programs\MiKTeX\tex/latex/adjustbox\adjustbox.sty
Package: adjustbox 2025/02/26 v1.3c Adjusting TeX boxes (trim, clip, ...)
(C:\Users\ADMIN\AppData\Local\Programs\MiKTeX\tex/latex/xkeyval\xkeyval.sty
Package: xkeyval 2022/06/16 v2.9 package option processing (HA)

(C:\Users\ADMIN\AppData\Local\Programs\MiKTeX\tex/generic/xkeyval\xkeyval.tex
(C:\Users\ADMIN\AppData\Local\Programs\MiKTeX\tex/generic/xkeyval\xkvutils.tex
\XKV@toks=\toks47
\XKV@tempa@toks=\toks48
)
\XKV@depth=\count485
File: xkeyval.tex 2014/12/03 v2.7a key=value parser (HA)
))
(C:\Users\ADMIN\AppData\Local\Programs\MiKTeX\tex/latex/adjustbox\adjcalc.sty
Package: adjcalc 2012/05/16 v1.1 Provides advanced setlength with multiple back
-ends (calc, etex, pgfmath)
)
(C:\Users\ADMIN\AppData\Local\Programs\MiKTeX\tex/latex/adjustbox\trimclip.sty
Package: trimclip 2025/02/21 v1.2a Trim and clip general TeX material

(C:\Users\ADMIN\AppData\Local\Programs\MiKTeX\tex/latex/collectbox\collectbox.s
ty
Package: collectbox 2022/10/17 v0.4c Collect macro arguments as boxes
\collectedbox=\box78
)
\tc@llx=\dimen305
\tc@lly=\dimen306
\tc@urx=\dimen307
\tc@ury=\dimen308
Package trimclip Info: Using driver 'tc-pdftex.def'.

(C:\Users\ADMIN\AppData\Local\Programs\MiKTeX\tex/latex/adjustbox\tc-pdftex.def
File: tc-pdftex.def 2025/02/26 v2.3 Clipping driver for pdftex
))
\adjbox@Width=\dimen309
\adjbox@Height=\dimen310
\adjbox@Depth=\dimen311
\adjbox@Totalheight=\dimen312
\adjbox@pwidth=\dimen313
\adjbox@pheight=\dimen314
\adjbox@pdepth=\dimen315
\adjbox@ptotalheight=\dimen316

(C:\Users\ADMIN\AppData\Local\Programs\MiKTeX\tex/latex/ifoddpage\ifoddpage.sty
Package: ifoddpage 2022/10/18 v1.2 Conditionals for odd/even page detection
\c@checkoddpage=\count486
) (C:\Users\ADMIN\AppData\Local\Programs\MiKTeX\tex/latex/varwidth\varwidth.sty
Package: varwidth 2009/03/30 ver 0.92;  Variable-width minipages
\@vwid@box=\box79
\sift@deathcycles=\count487
\@vwid@loff=\dimen317
\@vwid@roff=\dimen318
)
==> First Aid for varwidth.sty applied!
)
(C:\Users\ADMIN\AppData\Local\Programs\MiKTeX\tex/generic/pgf/libraries\pgflibr
aryarrows.meta.code.tex
File: pgflibraryarrows.meta.code.tex 2025-08-29 v3.1.11a (3.1.11a)
\pgfarrowinset=\dimen319
\pgfarrowlength=\dimen320
\pgfarrowwidth=\dimen321
\pgfarrowlinewidth=\dimen322
)
(C:\Users\ADMIN\AppData\Local\Programs\MiKTeX\tex/generic/pgf/frontendlayer/tik
z/libraries\tikzlibrarybackgrounds.code.tex
File: tikzlibrarybackgrounds.code.tex 2025-08-29 v3.1.11a (3.1.11a)
\pgf@layerbox@background=\box80
\pgf@layerboxsaved@background=\box81
)
(C:\Users\ADMIN\AppData\Local\Programs\MiKTeX\tex/generic/pgf/frontendlayer/tik
z/libraries\tikzlibrarycalc.code.tex
File: tikzlibrarycalc.code.tex 2025-08-29 v3.1.11a (3.1.11a)
)
(C:\Users\ADMIN\AppData\Local\Programs\MiKTeX\tex/generic/pgf/frontendlayer/tik
z/libraries\tikzlibraryfit.code.tex
File: tikzlibraryfit.code.tex 2025-08-29 v3.1.11a (3.1.11a)
)
(C:\Users\ADMIN\AppData\Local\Programs\MiKTeX\tex/generic/pgf/frontendlayer/tik
z/libraries\tikzlibrarypositioning.code.tex
File: tikzlibrarypositioning.code.tex 2025-08-29 v3.1.11a (3.1.11a)
)
(C:\Users\ADMIN\AppData\Local\Programs\MiKTeX\tex/generic/pgf/frontendlayer/tik
z/libraries\tikzlibraryshapes.geometric.code.tex
File: tikzlibraryshapes.geometric.code.tex 2025-08-29 v3.1.11a (3.1.11a)

(C:\Users\ADMIN\AppData\Local\Programs\MiKTeX\tex/generic/pgf/libraries/shapes\
pgflibraryshapes.geometric.code.tex
File: pgflibraryshapes.geometric.code.tex 2025-08-29 v3.1.11a (3.1.11a)
))
\@quotelevel=\count488
\@quotereset=\count489


LaTeX Warning: Unused global option(s):
    [13pt].

(main.aux (Appendix/commitment.aux) (Appendix/edit.aux) (Appendix/advisor.aux)
(Appendix/reviewer.aux) (Appendix/thanks.aux) (Appendix/proposal.aux)
(Appendix/summary.aux) (Chapter1/chapter1.aux) (Chapter2/chapter2.aux)
(Chapter3/chapter3.aux) (Chapter4/chapter4.aux) (Chapter5/chapter5.aux)
(Appendix/danh-muc-thuat-ngu.aux))
\openout1 = `main.aux'.

LaTeX Font Info:    Checking defaults for OML/cmm/m/it on input line 195.
LaTeX Font Info:    ... okay on input line 195.
LaTeX Font Info:    Checking defaults for OMS/cmsy/m/n on input line 195.
LaTeX Font Info:    ... okay on input line 195.
LaTeX Font Info:    Checking defaults for OT1/cmr/m/n on input line 195.
LaTeX Font Info:    ... okay on input line 195.
LaTeX Font Info:    Checking defaults for T1/cmr/m/n on input line 195.
LaTeX Font Info:    ... okay on input line 195.
LaTeX Font Info:    Checking defaults for TS1/cmr/m/n on input line 195.
LaTeX Font Info:    ... okay on input line 195.
LaTeX Font Info:    Checking defaults for OMX/cmex/m/n on input line 195.
LaTeX Font Info:    ... okay on input line 195.
LaTeX Font Info:    Checking defaults for U/cmr/m/n on input line 195.
LaTeX Font Info:    ... okay on input line 195.
LaTeX Font Info:    Checking defaults for T5/cmr/m/n on input line 195.
LaTeX Font Info:    ... okay on input line 195.
LaTeX Font Info:    Checking defaults for PD1/pdf/m/n on input line 195.
LaTeX Font Info:    ... okay on input line 195.
LaTeX Font Info:    Checking defaults for PU/pdf/m/n on input line 195.
LaTeX Font Info:    ... okay on input line 195.
Package biblatex Info: Trying to load language 'english'...
Package biblatex Info: ... file 'english.lbx' found.

(C:\Users\ADMIN\AppData\Local\Programs\MiKTeX\tex/latex/biblatex/lbx\english.lb
x
File: english.lbx 2025/07/10 v3.21 biblatex localization (PK/MW)
)
Package biblatex Info: Input encoding 'utf8' detected.
Package biblatex Info: Automatic encoding selection.
(biblatex)             Assuming data encoding 'utf8'.
\openout3 = `main.bcf'.

Package biblatex Info: Trying to load bibliographic data...
Package biblatex Info: ... file 'main.bbl' found.
 (main.bbl)
Package biblatex Info: Reference section=0 on input line 195.
Package biblatex Info: Reference segment=0 on input line 195.
Package hyperref Info: Link coloring OFF on input line 195.
 (main.out) (main.out)
\@outlinefile=\write5
\openout5 = `main.out'.


(C:\Users\ADMIN\AppData\Local\Programs\MiKTeX\tex/context/base/mkii\supp-pdf.mk
ii
[Loading MPS to PDF converter (version 2006.09.02).]
\scratchcounter=\count490
\scratchdimen=\dimen323
\scratchbox=\box82
\nofMPsegments=\count491
\nofMParguments=\count492
\everyMPshowfont=\toks49
\MPscratchCnt=\count493
\MPscratchDim=\dimen324
\MPnumerator=\count494
\makeMPintoPDFobject=\count495
\everyMPtoPDFconversion=\toks50
)
(C:\Users\ADMIN\AppData\Local\Programs\MiKTeX\tex/latex/epstopdf-pkg\epstopdf-b
ase.sty
Package: epstopdf-base 2020-01-24 v2.11 Base part for package epstopdf
Package epstopdf-base Info: Redefining graphics rule for `.eps' on input line 4
85.

(C:\Users\ADMIN\AppData\Local\Programs\MiKTeX\tex/latex/00miktex\epstopdf-sys.c
fg
File: epstopdf-sys.cfg 2021/03/18 v2.0 Configuration of epstopdf for MiKTeX
))
\c@lstlisting=\count496
Package caption Info: Begin \AtBeginDocument code.
Package caption Info: End \AtBeginDocument code.

*geometry* driver: auto-detecting
*geometry* detected driver: pdftex
*geometry* verbose mode - [ preamble ] result:
* driver: pdftex
* paper: a4paper
* layout: <same size as paper>
* layoutoffset:(h,v)=(0.0pt,0.0pt)
* modes: includehead includefoot 
* h-part:(L,W,R)=(99.58464pt, 441.01773pt, 56.9055pt)
* v-part:(T,H,B)=(85.35826pt, 660.10394pt, 99.58464pt)
* \paperwidth=597.50787pt
* \paperheight=845.04684pt
* \textwidth=441.01773pt
* \textheight=600.34175pt
* \oddsidemargin=27.31465pt
* \evensidemargin=27.31465pt
* \topmargin=13.08827pt
* \headheight=12.0pt
* \headsep=25.0pt
* \topskip=10.0pt
* \footskip=22.76219pt
* \marginparwidth=57.0pt
* \marginparsep=11.0pt
* \columnsep=10.0pt
* \skip\footins=9.0pt plus 4.0pt minus 2.0pt
* \hoffset=0.0pt
* \voffset=0.0pt
* \mag=1000
* \@twocolumnfalse
* \@twosidefalse
* \@mparswitchfalse
* \@reversemarginfalse
* (1in=72.27pt=25.4mm, 1cm=28.453pt)

(Title/title.tex [1

{C:/Users/ADMIN/AppData/Local/MiKTeX/fonts/map/pdftex/pdftex.map}] [1])
\openout2 = `Appendix/commitment.aux'.

 (Appendix/commitment.tex) [1



]
\openout2 = `Appendix/edit.aux'.

 (Appendix/edit.tex) [2




]
\openout2 = `Appendix/advisor.aux'.


(Appendix/advisor.tex) [3




]
\openout2 = `Appendix/reviewer.aux'.

 (Appendix/reviewer.tex) [4




]
\openout2 = `Appendix/thanks.aux'.

 (Appendix/thanks.tex)
[5




]
\openout2 = `Appendix/proposal.aux'.

 (Appendix/proposal.tex) [6




] (main.toc [7



] [8] [9] [10] [11])
\tf@toc=\write6
\openout6 = `main.toc'.

 [12] (main.lof [13


] [14])
\tf@lof=\write7
\openout7 = `main.lof'.

 [15] (main.lot [16


] [17])
\tf@lot=\write8
\openout8 = `main.lot'.

 [18]
\openout2 = `Appendix/summary.aux'.

 (Appendix/summary.tex) [19



]
\openout2 = `Chapter1/chapter1.aux'.


(Chapter1/chapter1.tex
ChÆ°Æ¡ng 1.
[1





] [2] [3]) [4]
\openout2 = `Chapter2/chapter2.aux'.

 (Chapter2/chapter2.tex
ChÆ°Æ¡ng 2.
<images/chapter_2_picture_1.jpg, id=1394, 1356.06625pt x 567.11874pt>
File: images/chapter_2_picture_1.jpg Graphic file (type jpg)
<use images/chapter_2_picture_1.jpg>
Package pdftex.def Info: images/chapter_2_picture_1.jpg  used on input line 28.

(pdftex.def)             Requested size: 396.91325pt x 165.9919pt.
[5




] [6 <./images/chapter_2_picture_1.jpg>]
<images/chapter_2_picture_3.jpg, id=1404, 1223.57124pt x 525.965pt>
File: images/chapter_2_picture_3.jpg Graphic file (type jpg)
<use images/chapter_2_picture_3.jpg>
Package pdftex.def Info: images/chapter_2_picture_3.jpg  used on input line 107
.
(pdftex.def)             Requested size: 396.91325pt x 170.61557pt.
 [7] [8 <./images/chapter_2_picture_3.jpg>] [9]
Overfull \hbox (7.10426pt too wide) in alignment at lines 166--173
 [] [] [] [] [] 
 []


Overfull \hbox (7.10426pt too wide) in alignment at lines 173--178
 [] [] [] [] [] 
 []


Overfull \hbox (7.10426pt too wide) in alignment at lines 178--183
 [] [] [] [] [] 
 []


Overfull \hbox (7.10426pt too wide) in alignment at lines 183--187
 [] [] [] [] [] 
 []


Overfull \hbox (7.10426pt too wide) in alignment at lines 187--199
 [] [] [] [] [] 
 []

ignored error: Infinite glue shrinkage found in box being split [10]
Overfull \hbox (7.54666pt too wide) in alignment at lines 210--217
 [] [] [] [] 
 []


Overfull \hbox (7.54666pt too wide) in alignment at lines 217--222
 [] [] [] [] 
 []


Overfull \hbox (7.54666pt too wide) in alignment at lines 222--227
 [] [] [] [] 
 []


Overfull \hbox (7.54666pt too wide) in alignment at lines 227--231
 [] [] [] [] 
 []


Overfull \hbox (7.54666pt too wide) in alignment at lines 231--240
 [] [] [] [] 
 []

ignored error: Infinite glue shrinkage found in box being split [11] [12]
Overfull \hbox (25.59996pt too wide) in alignment at lines 278--285
 [] [] [] 
 []


Overfull \hbox (25.59996pt too wide) in alignment at lines 285--290
 [] [] [] 
 []


Overfull \hbox (25.59996pt too wide) in alignment at lines 290--295
 [] [] [] 
 []


Overfull \hbox (25.59996pt too wide) in alignment at lines 295--299
 [] [] [] 
 []


Overfull \hbox (25.59996pt too wide) in alignment at lines 299--309
 [] [] [] 
 []

[13] [14]
ignored error: Infinite glue shrinkage found in box being split [15] [16]
[17] [18]
Overfull \hbox (15.93321pt too wide) in alignment at lines 528--535
 [] [] [] [] [] 
 []


Overfull \hbox (15.93321pt too wide) in alignment at lines 535--540
 [] [] [] [] [] 
 []


Overfull \hbox (15.93321pt too wide) in alignment at lines 540--545
 [] [] [] [] [] 
 []


Overfull \hbox (15.93321pt too wide) in alignment at lines 545--549
 [] [] [] [] [] 
 []


Overfull \hbox (15.93321pt too wide) in alignment at lines 549--560
 [] [] [] [] [] 
 []

) [19]
\openout2 = `Chapter3/chapter3.aux'.

 (Chapter3/chapter3.tex
ChÆ°Æ¡ng 3.

Overfull \hbox (17.18443pt too wide) in paragraph at lines 23--30
 [][] 
 []

[20




] [21]
ignored error: Infinite glue shrinkage found in box being split [22]
ignored error: Infinite glue shrinkage found in box being split [23] [24]
<images/chapter_3_uc01_explore_conferences.png, id=1576, 1927.2pt x 1084.05pt>
File: images/chapter_3_uc01_explore_conferences.png Graphic file (type png)
<use images/chapter_3_uc01_explore_conferences.png>
Package pdftex.def Info: images/chapter_3_uc01_explore_conferences.png  used on
 input line 239.
(pdftex.def)             Requested size: 418.96548pt x 235.66318pt.
<images/chapter_3_uc01_conference_detail_overview.png, id=1578, 1927.2pt x 1084
.05pt>
File: images/chapter_3_uc01_conference_detail_overview.png Graphic file (type p
ng)
<use images/chapter_3_uc01_conference_detail_overview.png>
Package pdftex.def Info: images/chapter_3_uc01_conference_detail_overview.png  
used on input line 246.
(pdftex.def)             Requested size: 418.96548pt x 235.66318pt.
<images/chapter_3_uc01_conference_detail_cfp.png, id=1579, 1927.2pt x 1084.05pt
>
File: images/chapter_3_uc01_conference_detail_cfp.png Graphic file (type png)
<use images/chapter_3_uc01_conference_detail_cfp.png>
Package pdftex.def Info: images/chapter_3_uc01_conference_detail_cfp.png  used 
on input line 253.
(pdftex.def)             Requested size: 418.96548pt x 235.66318pt.
<images/chapter_3_uc02_autofill_1.png, id=1580, 536.0025pt x 813.0375pt>
File: images/chapter_3_uc02_autofill_1.png Graphic file (type png)
<use images/chapter_3_uc02_autofill_1.png>
Package pdftex.def Info: images/chapter_3_uc02_autofill_1.png  used on input li
ne 266.
(pdftex.def)             Requested size: 118.54398pt x 179.81165pt.
<images/chapter_3_uc02_autofill_2.png, id=1581, 536.0025pt x 813.0375pt>
File: images/chapter_3_uc02_autofill_2.png Graphic file (type png)
<use images/chapter_3_uc02_autofill_2.png>
Package pdftex.def Info: images/chapter_3_uc02_autofill_2.png  used on input li
ne 270.
(pdftex.def)             Requested size: 118.54398pt x 179.81165pt.
<images/chapter_3_uc02_precheck_gating.png, id=1583, 1927.2pt x 1084.05pt>
File: images/chapter_3_uc02_precheck_gating.png Graphic file (type png)
<use images/chapter_3_uc02_precheck_gating.png>
Package pdftex.def Info: images/chapter_3_uc02_precheck_gating.png  used on inp
ut line 280.
(pdftex.def)             Requested size: 418.96548pt x 235.66318pt.

[25 <./images/chapter_3_uc01_explore_conferences.png>] [26 <./images/chapter_3_
uc01_conference_detail_overview.png> <./images/chapter_3_uc01_conference_detail
_cfp.png>]
<images/chapter_3_uc02_authors_conflict.png, id=1596, 1927.2pt x 1084.05pt>
File: images/chapter_3_uc02_authors_conflict.png Graphic file (type png)
<use images/chapter_3_uc02_authors_conflict.png>
Package pdftex.def Info: images/chapter_3_uc02_authors_conflict.png  used on in
put line 289.
(pdftex.def)             Requested size: 418.96548pt x 235.66318pt.
 [27 <./images/chapter_3_uc02_autofill_1.png> <./images/chapter_3_uc02_autofill
_2.png> <./images/chapter_3_uc02_precheck_gating.png>]
<images/chapter_3_uc03_submissions_list.png, id=1607, 1927.2pt x 1084.05pt>
File: images/chapter_3_uc03_submissions_list.png Graphic file (type png)
<use images/chapter_3_uc03_submissions_list.png>
Package pdftex.def Info: images/chapter_3_uc03_submissions_list.png  used on in
put line 302.
(pdftex.def)             Requested size: 418.96548pt x 235.66318pt.
 [28 <./images/chapter_3_uc02_authors_conflict.png>]
<images/chapter_3_uc03_rebuttal.png, id=1614, 1927.2pt x 1084.05pt>
File: images/chapter_3_uc03_rebuttal.png Graphic file (type png)
<use images/chapter_3_uc03_rebuttal.png>
Package pdftex.def Info: images/chapter_3_uc03_rebuttal.png  used on input line
 309.
(pdftex.def)             Requested size: 418.96548pt x 235.66318pt.
<images/chapter_3_uc03_submission_detail.png, id=1615, 1927.2pt x 1084.05pt>
File: images/chapter_3_uc03_submission_detail.png Graphic file (type png)
<use images/chapter_3_uc03_submission_detail.png>
Package pdftex.def Info: images/chapter_3_uc03_submission_detail.png  used on i
nput line 316.
(pdftex.def)             Requested size: 418.96548pt x 235.66318pt.
 [29 <./images/chapter_3_uc03_submissions_list.png> <./images/chapter_3_uc03_re
buttal.png>]
<images/chapter_3_uc04_reviewer_invitations_1.png, id=1624, 1445.4pt x 332.7431
2pt>
File: images/chapter_3_uc04_reviewer_invitations_1.png Graphic file (type png)
<use images/chapter_3_uc04_reviewer_invitations_1.png>
Package pdftex.def Info: images/chapter_3_uc04_reviewer_invitations_1.png  used
 on input line 327.
(pdftex.def)             Requested size: 352.81552pt x 81.22067pt.
<images/chapter_3_uc04_reviewer_invitations_2.png, id=1625, 1445.4pt x 307.1475
pt>
File: images/chapter_3_uc04_reviewer_invitations_2.png Graphic file (type png)
<use images/chapter_3_uc04_reviewer_invitations_2.png>
Package pdftex.def Info: images/chapter_3_uc04_reviewer_invitations_2.png  used
 on input line 328.
(pdftex.def)             Requested size: 352.81552pt x 74.97293pt.
 [30 <./images/chapter_3_uc03_submission_detail.png>]
<images/chapter_3_uc04_accept_deny_assignment.png, id=1631, 1927.2pt x 1084.05p
t>
File: images/chapter_3_uc04_accept_deny_assignment.png Graphic file (type png)
<use images/chapter_3_uc04_accept_deny_assignment.png>
Package pdftex.def Info: images/chapter_3_uc04_accept_deny_assignment.png  used
 on input line 335.
(pdftex.def)             Requested size: 418.96548pt x 235.66318pt.
 [31 <./images/chapter_3_uc04_reviewer_invitations_1.png> <./images/chapter_3_u
c04_reviewer_invitations_2.png> <./images/chapter_3_uc04_accept_deny_assignment
.png>]
<images/chapter_3_uc05_reviewer_workspace_1.png, id=1642, 1927.2pt x 1084.05pt>

File: images/chapter_3_uc05_reviewer_workspace_1.png Graphic file (type png)
<use images/chapter_3_uc05_reviewer_workspace_1.png>
Package pdftex.def Info: images/chapter_3_uc05_reviewer_workspace_1.png  used o
n input line 350.
(pdftex.def)             Requested size: 418.96548pt x 235.66318pt.
<images/chapter_3_uc05_reviewer_initial_analysis.png, id=1643, 1927.2pt x 1084.
05pt>
File: images/chapter_3_uc05_reviewer_initial_analysis.png Graphic file (type pn
g)
<use images/chapter_3_uc05_reviewer_initial_analysis.png>
Package pdftex.def Info: images/chapter_3_uc05_reviewer_initial_analysis.png  u
sed on input line 357.
(pdftex.def)             Requested size: 418.96548pt x 235.66318pt.
<images/chapter_3_uc05_reviewer_quality_auditor.png, id=1644, 1445.4pt x 783.67
781pt>
File: images/chapter_3_uc05_reviewer_quality_auditor.png Graphic file (type png
)
<use images/chapter_3_uc05_reviewer_quality_auditor.png>
Package pdftex.def Info: images/chapter_3_uc05_reviewer_quality_auditor.png  us
ed on input line 364.
(pdftex.def)             Requested size: 418.96548pt x 227.15312pt.
<images/chapter_3_uc06_assignment_dashboard.png, id=1648, 1927.2pt x 1084.05pt>

File: images/chapter_3_uc06_assignment_dashboard.png Graphic file (type png)
<use images/chapter_3_uc06_assignment_dashboard.png>
Package pdftex.def Info: images/chapter_3_uc06_assignment_dashboard.png  used o
n input line 375.
(pdftex.def)             Requested size: 418.96548pt x 235.66318pt.
<images/chapter_3_uc06_coi_verification.png, id=1649, 1927.2pt x 1084.05pt>
File: images/chapter_3_uc06_coi_verification.png Graphic file (type png)
<use images/chapter_3_uc06_coi_verification.png>
Package pdftex.def Info: images/chapter_3_uc06_coi_verification.png  used on in
put line 382.
(pdftex.def)             Requested size: 418.96548pt x 235.66318pt.
<images/chapter_3_uc06_assignment_suggestions.png, id=1650, 1927.2pt x 1084.05p
t>
File: images/chapter_3_uc06_assignment_suggestions.png Graphic file (type png)
<use images/chapter_3_uc06_assignment_suggestions.png>
Package pdftex.def Info: images/chapter_3_uc06_assignment_suggestions.png  used
 on input line 389.
(pdftex.def)             Requested size: 418.96548pt x 235.66318pt.
 [32 <./images/chapter_3_uc05_reviewer_workspace_1.png>] [33 <./images/chapter_
3_uc05_reviewer_initial_analysis.png> <./images/chapter_3_uc05_reviewer_quality
_auditor.png>] [34 <./images/chapter_3_uc06_assignment_dashboard.png> <./images
/chapter_3_uc06_coi_verification.png>]
<images/chapter_3_uc07_conference_config.png, id=1672, 1927.2pt x 1084.05pt>
File: images/chapter_3_uc07_conference_config.png Graphic file (type png)
<use images/chapter_3_uc07_conference_config.png>
Package pdftex.def Info: images/chapter_3_uc07_conference_config.png  used on i
nput line 402.
(pdftex.def)             Requested size: 418.96548pt x 235.66318pt.
<images/chapter_3_uc07_chair_dashboard.png, id=1673, 1927.2pt x 1084.05pt>
File: images/chapter_3_uc07_chair_dashboard.png Graphic file (type png)
<use images/chapter_3_uc07_chair_dashboard.png>
Package pdftex.def Info: images/chapter_3_uc07_chair_dashboard.png  used on inp
ut line 409.
(pdftex.def)             Requested size: 418.96548pt x 235.66318pt.
<images/chapter_3_uc07_committee_management.png, id=1674, 1927.2pt x 1084.05pt>

File: images/chapter_3_uc07_committee_management.png Graphic file (type png)
<use images/chapter_3_uc07_committee_management.png>
Package pdftex.def Info: images/chapter_3_uc07_committee_management.png  used o
n input line 416.
(pdftex.def)             Requested size: 418.96548pt x 235.66318pt.
 [35 <./images/chapter_3_uc06_assignment_suggestions.png> <./images/chapter_3_u
c07_conference_config.png>] [36 <./images/chapter_3_uc07_chair_dashboard.png> <
./images/chapter_3_uc07_committee_management.png>]
<images/chapter_3_uc08_create_discussion.png, id=1689, 1927.2pt x 1084.05pt>
File: images/chapter_3_uc08_create_discussion.png Graphic file (type png)
<use images/chapter_3_uc08_create_discussion.png>
Package pdftex.def Info: images/chapter_3_uc08_create_discussion.png  used on i
nput line 429.
(pdftex.def)             Requested size: 418.96548pt x 235.66318pt.
<images/chapter_3_uc08_discussion_chat.png, id=1690, 1927.2pt x 1084.05pt>
File: images/chapter_3_uc08_discussion_chat.png Graphic file (type png)
<use images/chapter_3_uc08_discussion_chat.png>
Package pdftex.def Info: images/chapter_3_uc08_discussion_chat.png  used on inp
ut line 436.
(pdftex.def)             Requested size: 418.96548pt x 235.66318pt.
<images/chapter_3_uc09_decision_support.png, id=1692, 1927.2pt x 1084.05pt>
File: images/chapter_3_uc09_decision_support.png Graphic file (type png)
<use images/chapter_3_uc09_decision_support.png>
Package pdftex.def Info: images/chapter_3_uc09_decision_support.png  used on in
put line 447.
(pdftex.def)             Requested size: 418.96548pt x 235.66318pt.
 [37 <./images/chapter_3_uc08_create_discussion.png>] [38 <./images/chapter_3_u
c08_discussion_chat.png> <./images/chapter_3_uc09_decision_support.png>]
<images/chapter_3_uc10_chatbot_interface.png, id=1705, 1927.2pt x 1084.05pt>
File: images/chapter_3_uc10_chatbot_interface.png Graphic file (type png)
<use images/chapter_3_uc10_chatbot_interface.png>
Package pdftex.def Info: images/chapter_3_uc10_chatbot_interface.png  used on i
nput line 460.
(pdftex.def)             Requested size: 418.96548pt x 235.66318pt.
 [39 <./images/chapter_3_uc10_chatbot_interface.png>] [40] [41] [42]
ignored error: Infinite glue shrinkage found in box being split [43] [44])
[45]
\openout2 = `Chapter4/chapter4.aux'.

 (Chapter4/chapter4.tex
ChÆ°Æ¡ng 4.
ignored error: Infinite glue shrinkage found in box being split [46




] [47]
<images/statistics/benchmark_output/fig01b_runner_by_conference.png, id=1762, 5
78.16pt x 385.44pt>
File: images/statistics/benchmark_output/fig01b_runner_by_conference.png Graphi
c file (type png)
<use images/statistics/benchmark_output/fig01b_runner_by_conference.png>
Package pdftex.def Info: images/statistics/benchmark_output/fig01b_runner_by_co
nference.png  used on input line 78.
(pdftex.def)             Requested size: 396.91325pt x 264.60706pt.

[48 <./images/statistics/benchmark_output/fig01b_runner_by_conference.png>]
Overfull \hbox (2.70993pt too wide) in alignment at lines 96--101
 [] [] [] [] [] 
 []


Overfull \hbox (2.70993pt too wide) in alignment at lines 101--104
 [] [] [] [] [] 
 []


Overfull \hbox (2.70993pt too wide) in alignment at lines 104--107
 [] [] [] [] [] 
 []


Overfull \hbox (2.70993pt too wide) in alignment at lines 107--109
 [] [] [] [] [] 
 []


Overfull \hbox (2.70993pt too wide) in alignment at lines 109--117
 [] [] [] [] [] 
 []

ignored error: Infinite glue shrinkage found in box being split [49]
ignored error: Infinite glue shrinkage found in box being split [50] [51]
<images/statistics/system_performance/fig02_k6_throughput.png, id=1798, 578.521
35pt x 339.669pt>
File: images/statistics/system_performance/fig02_k6_throughput.png Graphic file
 (type png)
<use images/statistics/system_performance/fig02_k6_throughput.png>
Package pdftex.def Info: images/statistics/system_performance/fig02_k6_throughp
ut.png  used on input line 211.
(pdftex.def)             Requested size: 216.1011pt x 126.87799pt.
<images/statistics/system_performance/fig03_k6_latency_percentiles.png, id=1799
, 645.73245pt x 362.0727pt>
File: images/statistics/system_performance/fig03_k6_latency_percentiles.png Gra
phic file (type png)
<use images/statistics/system_performance/fig03_k6_latency_percentiles.png>
Package pdftex.def Info: images/statistics/system_performance/fig03_k6_latency_
percentiles.png  used on input line 218.
(pdftex.def)             Requested size: 216.1011pt x 121.1694pt.

[52]
<images/statistics/system_performance/fig09_resource_cpu.png, id=1809, 881.694p
t x 377.9721pt>
File: images/statistics/system_performance/fig09_resource_cpu.png Graphic file 
(type png)
<use images/statistics/system_performance/fig09_resource_cpu.png>
Package pdftex.def Info: images/statistics/system_performance/fig09_resource_cp
u.png  used on input line 252.
(pdftex.def)             Requested size: 374.86775pt x 160.69656pt.
 [53 <./images/statistics/system_performance/fig02_k6_throughput.png> <./images
/statistics/system_performance/fig03_k6_latency_percentiles.png>]
<images/statistics/system_performance/fig10_resource_ram.png, id=1816, 606.3453
pt x 339.30765pt>
File: images/statistics/system_performance/fig10_resource_ram.png Graphic file 
(type png)
<use images/statistics/system_performance/fig10_resource_ram.png>
Package pdftex.def Info: images/statistics/system_performance/fig10_resource_ra
m.png  used on input line 259.
(pdftex.def)             Requested size: 308.71106pt x 172.74948pt.
<images/statistics/system_performance/fig07_microbench_scale.png, id=1820, 809.
06265pt x 364.2408pt>
File: images/statistics/system_performance/fig07_microbench_scale.png Graphic f
ile (type png)
<use images/statistics/system_performance/fig07_microbench_scale.png>
Package pdftex.def Info: images/statistics/system_performance/fig07_microbench_
scale.png  used on input line 276.
(pdftex.def)             Requested size: 242.5611pt x 109.20082pt.
<images/statistics/system_performance/fig08_microbench_allocs.png, id=1821, 577
.07594pt x 339.669pt>
File: images/statistics/system_performance/fig08_microbench_allocs.png Graphic 
file (type png)
<use images/statistics/system_performance/fig08_microbench_allocs.png>
Package pdftex.def Info: images/statistics/system_performance/fig08_microbench_
allocs.png  used on input line 283.
(pdftex.def)             Requested size: 194.04887pt x 114.21611pt.
 [54 <./images/statistics/system_performance/fig09_resource_cpu.png> <./images/
statistics/system_performance/fig10_resource_ram.png>]
<images/statistics/deterministic_workflow/fig02_ranking_hit_at_k.png, id=1830, 
684.75826pt x 395.3169pt>
File: images/statistics/deterministic_workflow/fig02_ranking_hit_at_k.png Graph
ic file (type png)
<use images/statistics/deterministic_workflow/fig02_ranking_hit_at_k.png>
Package pdftex.def Info: images/statistics/deterministic_workflow/fig02_ranking
_hit_at_k.png  used on input line 320.
(pdftex.def)             Requested size: 216.1011pt x 124.75468pt.
<images/statistics/deterministic_workflow/fig06_assignment_coverage_score.png, 
id=1831, 731.73375pt x 395.3169pt>
File: images/statistics/deterministic_workflow/fig06_assignment_coverage_score.
png Graphic file (type png)
<use images/statistics/deterministic_workflow/fig06_assignment_coverage_score.p
ng>
Package pdftex.def Info: images/statistics/deterministic_workflow/fig06_assignm
ent_coverage_score.png  used on input line 327.
(pdftex.def)             Requested size: 216.1011pt x 116.74414pt.
 [55 <./images/statistics/system_performance/fig07_microbench_scale.png> <./ima
ges/statistics/system_performance/fig08_microbench_allocs.png>]
<images/statistics/benchmark_output/fig08_autofill_quality.png, id=1840, 578.16
pt x 385.44pt>
File: images/statistics/benchmark_output/fig08_autofill_quality.png Graphic fil
e (type png)
<use images/statistics/benchmark_output/fig08_autofill_quality.png>
Package pdftex.def Info: images/statistics/benchmark_output/fig08_autofill_qual
ity.png  used on input line 345.
(pdftex.def)             Requested size: 352.81552pt x 235.20627pt.
 [56 <./images/statistics/deterministic_workflow/fig02_ranking_hit_at_k.png> <.
/images/statistics/deterministic_workflow/fig06_assignment_coverage_score.png>]
 [57 <./images/statistics/benchmark_output/fig08_autofill_quality.png>]
<images/statistics/benchmark_output/fig09a_reviewer_annotation_grounding.png, i
d=1854, 578.16pt x 385.44pt>
File: images/statistics/benchmark_output/fig09a_reviewer_annotation_grounding.p
ng Graphic file (type png)
<use images/statistics/benchmark_output/fig09a_reviewer_annotation_grounding.pn
g>
Package pdftex.def Info: images/statistics/benchmark_output/fig09a_reviewer_ann
otation_grounding.png  used on input line 364.
(pdftex.def)             Requested size: 374.86775pt x 249.9096pt.
 [58 <./images/statistics/benchmark_output/fig09a_reviewer_annotation_grounding
.png>]
<images/statistics/benchmark_output/fig09c_review_quality_auditor.png, id=1862,
 578.16pt x 385.44pt>
File: images/statistics/benchmark_output/fig09c_review_quality_auditor.png Grap
hic file (type png)
<use images/statistics/benchmark_output/fig09c_review_quality_auditor.png>
Package pdftex.def Info: images/statistics/benchmark_output/fig09c_review_quali
ty_auditor.png  used on input line 381.
(pdftex.def)             Requested size: 330.76329pt x 220.50882pt.
<images/statistics/benchmark_output/fig09d_chair_evidence_basis.png, id=1864, 5
78.16pt x 385.44pt>
File: images/statistics/benchmark_output/fig09d_chair_evidence_basis.png Graphi
c file (type png)
<use images/statistics/benchmark_output/fig09d_chair_evidence_basis.png>
Package pdftex.def Info: images/statistics/benchmark_output/fig09d_chair_eviden
ce_basis.png  used on input line 394.
(pdftex.def)             Requested size: 414.55774pt x 276.36972pt.
 [59 <./images/statistics/benchmark_output/fig09c_review_quality_auditor.png>] 
[60 <./images/statistics/benchmark_output/fig09d_chair_evidence_basis.png>]
<images/statistics/benchmark_output/fig07_chatbot_manual_outcomes.png, id=1877,
 578.16pt x 385.44pt>
File: images/statistics/benchmark_output/fig07_chatbot_manual_outcomes.png Grap
hic file (type png)
<use images/statistics/benchmark_output/fig07_chatbot_manual_outcomes.png>
Package pdftex.def Info: images/statistics/benchmark_output/fig07_chatbot_manua
l_outcomes.png  used on input line 413.
(pdftex.def)             Requested size: 216.1011pt x 144.06325pt.
<images/statistics/benchmark_output/fig06_chatbot_tool_success.png, id=1878, 57
8.16pt x 385.44pt>
File: images/statistics/benchmark_output/fig06_chatbot_tool_success.png Graphic
 file (type png)
<use images/statistics/benchmark_output/fig06_chatbot_tool_success.png>
Package pdftex.def Info: images/statistics/benchmark_output/fig06_chatbot_tool_
success.png  used on input line 420.
(pdftex.def)             Requested size: 216.1011pt x 144.06325pt.
<images/statistics/benchmark_output/fig14_chatbot_response_stages.png, id=1880,
 578.16pt x 385.44pt>
File: images/statistics/benchmark_output/fig14_chatbot_response_stages.png Grap
hic file (type png)
<use images/statistics/benchmark_output/fig14_chatbot_response_stages.png>
Package pdftex.def Info: images/statistics/benchmark_output/fig14_chatbot_respo
nse_stages.png  used on input line 432.
(pdftex.def)             Requested size: 286.65883pt x 191.10216pt.
<images/statistics/benchmark_output/fig12_resource_tokens.png, id=1881, 578.16p
t x 385.44pt>
File: images/statistics/benchmark_output/fig12_resource_tokens.png Graphic file
 (type png)
<use images/statistics/benchmark_output/fig12_resource_tokens.png>
Package pdftex.def Info: images/statistics/benchmark_output/fig12_resource_toke
ns.png  used on input line 443.
(pdftex.def)             Requested size: 330.76329pt x 220.50882pt.
 [61 <./images/statistics/benchmark_output/fig07_chatbot_manual_outcomes.png> <
./images/statistics/benchmark_output/fig06_chatbot_tool_success.png> <./images/
statistics/benchmark_output/fig14_chatbot_response_stages.png>]
<images/statistics/benchmark_output/fig11_resource_latency.png, id=1889, 758.73
865pt x 505.89pt>
File: images/statistics/benchmark_output/fig11_resource_latency.png Graphic fil
e (type png)
<use images/statistics/benchmark_output/fig11_resource_latency.png>
Package pdftex.def Info: images/statistics/benchmark_output/fig11_resource_late
ncy.png  used on input line 450.
(pdftex.def)             Requested size: 308.71106pt x 205.83379pt.
<images/statistics/benchmark_output/fig13_resource_ops_mode.png, id=1890, 758.7
3865pt x 505.89pt>
File: images/statistics/benchmark_output/fig13_resource_ops_mode.png Graphic fi
le (type png)
<use images/statistics/benchmark_output/fig13_resource_ops_mode.png>
Package pdftex.def Info: images/statistics/benchmark_output/fig13_resource_ops_
mode.png  used on input line 457.
(pdftex.def)             Requested size: 308.71106pt x 205.83379pt.
 [62 <./images/statistics/benchmark_output/fig12_resource_tokens.png> <./images
/statistics/benchmark_output/fig11_resource_latency.png>]
ignored error: Infinite glue shrinkage found in box being split [63 <./images/s
tatistics/benchmark_output/fig13_resource_ops_mode.png>]
ignored error: Infinite glue shrinkage found in box being split [64]) [65]
\openout2 = `Chapter5/chapter5.aux'.


(Chapter5/chapter5.tex
ChÆ°Æ¡ng 5.
[66




]
Overfull \hbox (441.01773pt too wide) detected at line 26
[]
 []


Overfull \hbox (4.76323pt too wide) in alignment at lines 24--31
[] [] [] []
 []


Overfull \hbox (4.76323pt too wide) in alignment at lines 31--34
[] [] [] []
 []


Overfull \hbox (4.76323pt too wide) in alignment at lines 34--36
[] [] [] []
 []


Overfull \hbox (4.76323pt too wide) in alignment at lines 36--42
[] [] [] []
 []

[67] [68] [69] [70]) [71]
LaTeX Font Info:    Trying to load font information for T5+cmtt on input line 3
22.

(C:\Users\ADMIN\AppData\Local\Programs\MiKTeX\tex/latex/vntex\t5cmtt.fd
File: t5cmtt.fd 1999/05/25 v2.5h Standard LaTeX font definitions
)
[72



] [73] [74] [75]
\openout2 = `Appendix/danh-muc-thuat-ngu.aux'.

 (Appendix/danh-muc-thuat-ngu.tex
ignored error: Infinite glue shrinkage found in box being split [76



]
ignored error: Infinite glue shrinkage found in box being split [77]
ignored error: Infinite glue shrinkage found in box being split [78]
ignored error: Infinite glue shrinkage found in box being split [79] [80]
ignored error: Infinite glue shrinkage found in box being split [81]
ignored error: Infinite glue shrinkage found in box being split [82]
Underfull \hbox (badness 1783) in paragraph at lines 130--130
\T5/cmr/m/n/10 Coverage-- 
 []

ignored error: Infinite glue shrinkage found in box being split [83]
ignored error: Infinite glue shrinkage found in box being split [84]
Underfull \hbox (badness 1038) in paragraph at lines 173--173
[]|\T5/cmr/m/n/10 Nhâm thao t¡c nghi»p vö cì b£n tr¶n dú li»u 
 []

[85]) [86] (Appendix/appendix-a.tex
Phá»¥ lá»¥c A.
[87



] [88] [89] [90] [91] [92] [93] [94] [95] [96] [97] [98] [99] [100] [101]
[102] [103] [104] [105] [106] [107] [108] [109]
ignored error: Infinite glue shrinkage found in box being split [110] [111]
[112] [113] [114] [115] [116] [117]
<images/appendix_a_coi.png, id=2263, 508.66962pt x 241.27061pt>
File: images/appendix_a_coi.png Graphic file (type png)
<use images/appendix_a_coi.png>
Package pdftex.def Info: images/appendix_a_coi.png  used on input line 1067.
(pdftex.def)             Requested size: 418.96548pt x 198.72672pt.
 [118 <./images/appendix_a_coi.png (PNG copy)>]
ignored error: Infinite glue shrinkage found in box being split [119]
Overfull \hbox (1.48772pt too wide) in alignment at lines 1118--1122
 [] [] [] [] 
 []


Overfull \hbox (1.48772pt too wide) in alignment at lines 1122--1125
 [] [] [] [] 
 []


Overfull \hbox (1.48772pt too wide) in alignment at lines 1125--1133
 [] [] [] [] 
 []

[120]
ignored error: Infinite glue shrinkage found in box being split [121] [122]
ignored error: Infinite glue shrinkage found in box being split [123] [124])
(Appendix/appendix-b.tex [125]
Phá»¥ lá»¥c B.
[126

]
(C:\Users\ADMIN\AppData\Local\Programs\MiKTeX\tex/latex/listings\lstlang1.sty
File: lstlang1.sty 2025/11/14 1.11b listings language file
)
(C:\Users\ADMIN\AppData\Local\Programs\MiKTeX\tex/latex/listings\lstlang1.sty
File: lstlang1.sty 2025/11/14 1.11b listings language file
)
Package hyperref Info: bookmark level for unknown lstlisting defaults to 0 on i
nput line 38.

[127] [128]
ignored error: Infinite glue shrinkage found in box being split [129]
ignored error: Infinite glue shrinkage found in box being split [130] [131]
ignored error: Infinite glue shrinkage found in box being split [132] [133]
[134] [135] [136]
Overfull \hbox (15.54771pt too wide) in alignment at lines 403--407
 [] [] [] 
 []


Overfull \hbox (15.54771pt too wide) in alignment at lines 407--410
 [] [] [] 
 []


Overfull \hbox (15.54771pt too wide) in alignment at lines 410--418
 [] [] [] 
 []

[137

]
Overfull \hbox (6.72548pt too wide) in alignment at lines 463--467
 [] [] [] 
 []


Overfull \hbox (6.72548pt too wide) in alignment at lines 467--470
 [] [] [] 
 []


Overfull \hbox (6.72548pt too wide) in alignment at lines 470--477
 [] [] [] 
 []

[138]
Overfull \hbox (28.77771pt too wide) in alignment at lines 486--490
 [] [] [] 
 []


Overfull \hbox (28.77771pt too wide) in alignment at lines 490--493
 [] [] [] 
 []


Overfull \hbox (28.77771pt too wide) in alignment at lines 493--505
 [] [] [] 
 []

[139]) (Appendix/appendix-c.tex [140]
Phá»¥ lá»¥c C.
ignored error: Infinite glue shrinkage found in box being split [141

] [142]
[143] [144] [145] [146] [147] [148]
ignored error: Infinite glue shrinkage found in box being split [149] [150])
[151] (main.aux (Appendix/commitment.aux) (Appendix/edit.aux)
(Appendix/advisor.aux) (Appendix/reviewer.aux) (Appendix/thanks.aux)
(Appendix/proposal.aux) (Appendix/summary.aux) (Chapter1/chapter1.aux)
(Chapter2/chapter2.aux) (Chapter3/chapter3.aux) (Chapter4/chapter4.aux)
(Chapter5/chapter5.aux) (Appendix/danh-muc-thuat-ngu.aux))
 ***********
LaTeX2e <2025-11-01>
L3 programming layer <2025-12-24>
 ***********
Package rerunfilecheck Info: File `main.out' has not changed.
(rerunfilecheck)             Checksum: 1B7441FD8ABF95C4A70D6093C3AB55EE;43642.
Package logreq Info: Writing requests to 'main.run.xml'.
\openout1 = `main.run.xml'.

 ) 
Here is how much of TeX's memory you used:
 39201 strings out of 467871
 763433 string characters out of 5418376
 1699943 words of memory out of 5000000
 66805 multiletter control sequences out of 15000+600000
 650493 words of font info for 73 fonts, out of 8000000 for 9000
 1141 hyphenation exceptions out of 8191
 88i,12n,102p,1335b,1582s stack positions out of 10000i,1000n,20000p,200000b,200000s
 <C:\Users\ADMIN\AppData\Local\MiKTeX\fonts/pk/ljfour/jknappen/ec/dpi600\tcrm
0800.pk> <C:\Users\ADMIN\AppData\Local\MiKTeX\fonts/pk/ljfour/jknappen/ec/dpi60
0\tcrm1000.pk><C:/Users/ADMIN/AppData/Local/Programs/MiKTeX/fonts/type1/public/
amsfonts/cm/cmex10.pfb><C:/Users/ADMIN/AppData/Local/Programs/MiKTeX/fonts/type
1/public/amsfonts/cm/cmmi10.pfb><C:/Users/ADMIN/AppData/Local/Programs/MiKTeX/f
onts/type1/public/amsfonts/cm/cmmi5.pfb><C:/Users/ADMIN/AppData/Local/Programs/
MiKTeX/fonts/type1/public/amsfonts/cm/cmmi7.pfb><C:/Users/ADMIN/AppData/Local/P
rograms/MiKTeX/fonts/type1/public/amsfonts/cm/cmr10.pfb><C:/Users/ADMIN/AppData
/Local/Programs/MiKTeX/fonts/type1/public/amsfonts/cm/cmsy10.pfb><C:/Users/ADMI
N/AppData/Local/Programs/MiKTeX/fonts/type1/public/amsfonts/cm/cmsy7.pfb><C:/Us
ers/ADMIN/AppData/Local/Programs/MiKTeX/fonts/type1/public/amsfonts/cm/cmsy8.pf
b><C:/Users/ADMIN/AppData/Local/Programs/MiKTeX/fonts/type1/vntex/vnr/vnbx10.pf
b><C:/Users/ADMIN/AppData/Local/Programs/MiKTeX/fonts/type1/vntex/vnr/vnbx12.pf
b><C:/Users/ADMIN/AppData/Local/Programs/MiKTeX/fonts/type1/vntex/vnr/vnbx7.pfb
><C:/Users/ADMIN/AppData/Local/Programs/MiKTeX/fonts/type1/vntex/vnr/vnbx8.pfb>
<C:/Users/ADMIN/AppData/Local/Programs/MiKTeX/fonts/type1/vntex/vnr/vncsc10.pfb
><C:/Users/ADMIN/AppData/Local/Programs/MiKTeX/fonts/type1/vntex/vnr/vnr10.pfb>
<C:/Users/ADMIN/AppData/Local/Programs/MiKTeX/fonts/type1/vntex/vnr/vnr12.pfb><
C:/Users/ADMIN/AppData/Local/Programs/MiKTeX/fonts/type1/vntex/vnr/vnr17.pfb><C
:/Users/ADMIN/AppData/Local/Programs/MiKTeX/fonts/type1/vntex/vnr/vnr5.pfb><C:/
Users/ADMIN/AppData/Local/Programs/MiKTeX/fonts/type1/vntex/vnr/vnr7.pfb><C:/Us
ers/ADMIN/AppData/Local/Programs/MiKTeX/fonts/type1/vntex/vnr/vnr8.pfb><C:/User
s/ADMIN/AppData/Local/Programs/MiKTeX/fonts/type1/vntex/vnr/vnr9.pfb><C:/Users/
ADMIN/AppData/Local/Programs/MiKTeX/fonts/type1/vntex/vnr/vnti10.pfb><C:/Users/
ADMIN/AppData/Local/Programs/MiKTeX/fonts/type1/vntex/vnr/vnti8.pfb><C:/Users/A
DMIN/AppData/Local/Programs/MiKTeX/fonts/type1/vntex/vnr/vntt10.pfb>
Output written on main.pdf (172 pages, 15106431 bytes).
PDF statistics:
 2744 PDF objects out of 2984 (max. 8388607)
 615 named destinations out of 1000 (max. 500000)
 1757 words of extra memory for PDF output out of 10000 (max. 10000000)

