\BOOKMARK [0][-]{section*.1}{\376\377\000L\036\335\000i\000\040\000c\000a\000m\000\040\001\021\000o\000a\000n}{}% 1
\BOOKMARK [0][-]{chapter*.2}{\376\377\000T\000h\000u\000y\036\277\000t\000\040\000m\000i\000n\000h\000\040\000c\000h\036\311\000n\000h\000\040\000s\036\355\000a\000\040\001\021\036\301\000\040\000t\000\340\000i}{}% 2
\BOOKMARK [0][-]{chapter*.3}{\376\377\000N\000h\036\255\000n\000\040\000x\000\351\000t\000\040\000c\036\347\000a\000\040\000G\000V\000\040\000h\001\260\036\333\000n\000g\000\040\000d\036\253\000n}{}% 3
\BOOKMARK [0][-]{chapter*.4}{\376\377\000N\000h\036\255\000n\000\040\000x\000\351\000t\000\040\000c\036\347\000a\000\040\000G\000V\000\040\000p\000h\036\243\000n\000\040\000b\000i\036\307\000n}{}% 4
\BOOKMARK [0][-]{chapter*.5}{\376\377\000L\036\335\000i\000\040\000c\036\243\000m\000\040\001\241\000n}{}% 5
\BOOKMARK [0][-]{chapter*.6}{\376\377\001\020\036\301\000\040\000c\001\260\001\241\000n\000g}{}% 6
\BOOKMARK [0][-]{chapter*.7}{\376\377\000M\036\345\000c\000\040\000l\036\345\000c}{}% 7
\BOOKMARK [0][-]{chapter*.8}{\376\377\000D\000a\000n\000h\000\040\000s\000\341\000c\000h\000\040\000h\000\354\000n\000h}{}% 8
\BOOKMARK [0][-]{chapter*.9}{\376\377\000D\000a\000n\000h\000\040\000s\000\341\000c\000h\000\040\000b\036\243\000n\000g}{}% 9
\BOOKMARK [0][-]{section*.11}{\376\377\000T\000\363\000m\000\040\000t\036\257\000t}{}% 10
\BOOKMARK [0][-]{chapter.13}{\376\377\000M\036\337\000\040\001\021\036\247\000u}{}% 11
\BOOKMARK [1][-]{section.14}{\376\377\001\020\036\267\000t\000\040\000v\036\245\000n\000\040\001\021\036\301}{chapter.13}% 12
\BOOKMARK [1][-]{section.15}{\376\377\000M\036\345\000c\000\040\000t\000i\000\352\000u\000\040\001\021\036\301\000\040\000t\000\340\000i}{chapter.13}% 13
\BOOKMARK [1][-]{section.16}{\376\377\000P\000h\036\241\000m\000\040\000v\000i\000\040\001\021\036\301\000\040\000t\000\340\000i}{chapter.13}% 14
\BOOKMARK [1][-]{section.17}{\376\377\000C\036\245\000u\000\040\000t\000r\000\372\000c\000\040\000l\000u\036\255\000n\000\040\000v\001\003\000n}{chapter.13}% 15
\BOOKMARK [0][-]{chapter.18}{\376\377\000K\000h\036\243\000o\000\040\000s\000\341\000t\000\040\000n\000h\000u\000\040\000c\036\247\000u\000,\000\040\000h\000i\036\307\000n\000\040\000t\000r\036\241\000n\000g\000\040\000v\000\340\000\040\001\021\036\313\000n\000h\000\040\000h\001\260\036\333\000n\000g\000\040\000t\000h\000i\036\277\000t\000\040\000k\036\277}{}% 16
\BOOKMARK [1][-]{section.19}{\376\377\000K\000h\036\243\000o\000\040\000s\000\341\000t\000\040\000n\000h\000u\000\040\000c\036\247\000u\000\040\000n\000g\001\260\036\335\000i\000\040\000d\000\371\000n\000g}{chapter.18}% 17
\BOOKMARK [2][-]{subsection.20}{\376\377\000M\036\345\000c\000\040\000t\000i\000\352\000u\000\040\000k\000h\036\243\000o\000\040\000s\000\341\000t}{section.19}% 18
\BOOKMARK [2][-]{subsection.21}{\376\377\001\020\036\321\000i\000\040\000t\001\260\036\343\000n\000g\000\040\000v\000\340\000\040\001\021\036\267\000c\000\040\001\021\000i\036\303\000m\000\040\000m\036\253\000u\000\040\000k\000h\036\243\000o\000\040\000s\000\341\000t}{section.19}% 19
\BOOKMARK [2][-]{subsection.23}{\376\377\000P\000h\001\260\001\241\000n\000g\000\040\000p\000h\000\341\000p\000\040\000k\000h\036\243\000o\000\040\000s\000\341\000t}{section.19}% 20
\BOOKMARK [2][-]{subsection.24}{\376\377\000K\036\277\000t\000\040\000q\000u\036\243\000\040\000k\000h\036\243\000o\000\040\000s\000\341\000t\000\040\000t\000h\000e\000o\000\040\000c\000\341\000c\000\040\000v\036\245\000n\000\040\001\021\036\301\000\040\000n\036\325\000i\000\040\000b\036\255\000t}{section.19}% 21
\BOOKMARK [2][-]{subsection.26}{\376\377\000K\036\277\000t\000\040\000q\000u\036\243\000\040\000t\000h\000e\000o\000\040\000v\000a\000i\000\040\000t\000r\000\362}{section.19}% 22
\BOOKMARK [2][-]{subsection.30}{\376\377\000D\000i\036\305\000n\000\040\000g\000i\036\243\000i\000\040\000k\036\277\000t\000\040\000q\000u\036\243\000\040\000v\000\340\000\040\000g\000i\036\333\000i\000\040\000h\036\241\000n\000\040\000k\000h\036\243\000o\000\040\000s\000\341\000t}{section.19}% 23
\BOOKMARK [1][-]{section.31}{\376\377\000K\000h\036\243\000o\000\040\000s\000\341\000t\000\040\000h\000i\036\307\000n\000\040\000t\000r\036\241\000n\000g\000\040\000c\000\341\000c\000\040\000h\036\307\000\040\000t\000h\036\321\000n\000g\000\040\000q\000u\036\243\000n\000\040\000l\000\375\000\040\000h\036\331\000i\000\040\000n\000g\000h\036\313}{chapter.18}% 24
\BOOKMARK [2][-]{subsection.32}{\376\377\001\020\036\321\000i\000\040\000t\001\260\036\343\000n\000g\000,\000\040\000t\000i\000\352\000u\000\040\000c\000h\000\355\000\040\000v\000\340\000\040\000g\000i\036\333\000i\000\040\000h\036\241\000n\000\040\000k\000h\036\243\000o\000\040\000s\000\341\000t}{section.31}% 25
\BOOKMARK [2][-]{subsection.33}{\376\377\000T\036\325\000n\000g\000\040\000q\000u\000a\000n\000\040\000c\000\341\000c\000\040\000h\036\307\000\040\000t\000h\036\321\000n\000g\000\040\000h\000i\036\307\000n\000\040\000c\000\363}{section.31}% 26
\BOOKMARK [2][-]{subsection.34}{\376\377\000S\000o\000\040\000s\000\341\000n\000h\000\040\000p\000h\036\241\000m\000\040\000v\000i\000\040\000n\000g\000h\000i\036\307\000p\000\040\000v\036\345}{section.31}% 27
\BOOKMARK [2][-]{subsection.35}{\376\377\000S\000o\000\040\000s\000\341\000n\000h\000\040\000c\000h\000i\036\277\000n\000\040\000l\001\260\036\343\000c\000\040\000A\000I\000\040\000v\000\340\000\040\000q\000u\000y\000\040\001\260\036\333\000c\000\040\000t\000r\000\341\000c\000h\000\040\000n\000h\000i\036\307\000m}{section.31}% 28
\BOOKMARK [2][-]{subsection.36}{\376\377\001\020\036\321\000i\000\040\000c\000h\000i\036\277\000u\000\040\000y\000\352\000u\000\040\000c\036\247\000u\000\040\000v\036\301\000\040\000p\000h\000\342\000n\000\040\000c\000\364\000n\000g\000\040\000v\000\340\000\040\000s\036\355\000\040\000d\036\345\000n\000g\000\040\000A\000I\000\040\000v\036\333\000i\000\040\000b\036\261\000n\000g\000\040\000c\000h\036\351\000n\000g\000\040\000b\000\352\000n\000\040\000n\000g\000o\000\340\000i}{section.31}% 29
\BOOKMARK [1][-]{section.37}{\376\377\000V\036\245\000n\000\040\001\021\036\301\000\040\000t\000h\036\361\000c\000\040\000t\000i\036\305\000n\000\040\000v\000\340\000\040\000n\000g\000u\000y\000\352\000n\000\040\000t\036\257\000c\000\040\000g\000i\036\243\000i\000\040\000p\000h\000\341\000p}{chapter.18}% 30
\BOOKMARK [2][-]{subsection.38}{\376\377\000C\000\341\000c\000\040\000v\036\245\000n\000\040\001\021\036\301\000\040\000t\000h\000i\036\277\000t\000\040\000k\036\277\000\040\000r\000\372\000t\000\040\000r\000a\000\040\000t\036\353\000\040\000k\000h\036\243\000o\000\040\000s\000\341\000t\000\040\000v\000\340\000\040\001\021\036\321\000i\000\040\000c\000h\000i\036\277\000u\000\040\000h\000i\036\307\000n\000\040\000t\000r\036\241\000n\000g}{section.37}% 31
\BOOKMARK [2][-]{subsection.44}{\376\377\000L\000i\000\352\000n\000\040\000k\036\277\000t\000\040\000n\000h\000u\000\040\000c\036\247\000u\000\040\000v\000\340\000\040\000v\036\245\000n\000\040\001\021\036\301\000\040\000t\000h\036\361\000c\000\040\000t\000i\036\305\000n\000\040\000v\036\333\000i\000\040\001\021\036\313\000n\000h\000\040\000h\001\260\036\333\000n\000g\000\040\000g\000i\036\243\000i\000\040\000p\000h\000\341\000p}{section.37}% 32
\BOOKMARK [2][-]{subsection.45}{\376\377\000N\000g\000u\000y\000\352\000n\000\040\000t\036\257\000c\000\040\000t\000h\000i\036\277\000t\000\040\000k\036\277\000\040\000t\036\353\000\040\000c\000\341\000c\000\040\000v\036\245\000n\000\040\001\021\036\301\000\040\001\021\000\343\000\040\000x\000\341\000c\000\040\001\021\036\313\000n\000h}{section.37}% 33
\BOOKMARK [1][-]{section.46}{\376\377\000T\036\325\000n\000g\000\040\000h\036\343\000p\000\040\000y\000\352\000u\000\040\000c\036\247\000u\000\040\000h\036\307\000\040\000t\000h\036\321\000n\000g}{chapter.18}% 34
\BOOKMARK [2][-]{subsection.47}{\376\377\000Y\000\352\000u\000\040\000c\036\247\000u\000\040\000c\000h\036\351\000c\000\040\000n\001\003\000n\000g\000\040\000t\000h\000e\000o\000\040\000v\000a\000i\000\040\000t\000r\000\362}{section.46}% 35
\BOOKMARK [2][-]{subsection.48}{\376\377\000Y\000\352\000u\000\040\000c\036\247\000u\000\040\000p\000h\000i\000\040\000c\000h\036\351\000c\000\040\000n\001\003\000n\000g}{section.46}% 36
\BOOKMARK [2][-]{subsection.49}{\376\377\000N\000g\000u\000y\000\352\000n\000\040\000t\036\257\000c\000\040\000s\036\355\000\040\000d\036\345\000n\000g\000\040\000A\000I\000\040\000c\000\363\000\040\000t\000r\000\341\000c\000h\000\040\000n\000h\000i\036\307\000m}{section.46}% 37
\BOOKMARK [2][-]{subsection.50}{\376\377\000Q\000u\000y\000\040\001\260\036\333\000c\000\040\000t\000r\000\341\000c\000h\000\040\000n\000h\000i\036\307\000m\000\040\000c\036\347\000a\000\040\000c\000\341\000c\000\040\000c\000h\036\351\000c\000\040\000n\001\003\000n\000g\000\040\000h\036\327\000\040\000t\000r\036\343}{section.46}% 38
\BOOKMARK [0][-]{chapter.51}{\376\377\000X\000\342\000y\000\040\000d\036\361\000n\000g\000\040\000h\036\307\000\040\000t\000h\036\321\000n\000g}{}% 39
\BOOKMARK [1][-]{section.52}{\376\377\000T\036\325\000n\000g\000\040\000q\000u\000a\000n\000\040\000h\036\307\000\040\000t\000h\036\321\000n\000g}{chapter.51}% 40
\BOOKMARK [2][-]{subsection.53}{\376\377\000M\000\364\000\040\000h\000\354\000n\000h\000\040\000t\000r\000\341\000c\000h\000\040\000n\000h\000i\036\307\000m}{section.52}% 41
\BOOKMARK [2][-]{subsection.55}{\376\377\000C\000\341\000c\000\040\000t\000h\000\340\000n\000h\000\040\000p\000h\036\247\000n\000\040\000c\000h\000\355\000n\000h}{section.52}% 42
\BOOKMARK [1][-]{section.56}{\376\377\000U\000s\000e\000\040\000c\000a\000s\000e}{chapter.51}% 43
\BOOKMARK [2][-]{subsection.57}{\376\377\000T\000\341\000c\000\040\000n\000h\000\342\000n\000\040\000h\036\307\000\040\000t\000h\036\321\000n\000g}{section.56}% 44
\BOOKMARK [2][-]{subsection.58}{\376\377\000B\036\243\000n\000\040\001\021\036\323\000\040\000u\000s\000e\000\040\000c\000a\000s\000e}{section.56}% 45
\BOOKMARK [2][-]{subsection.60}{\376\377\000V\000\362\000n\000g\000\040\001\021\036\335\000i\000\040\000n\000g\000h\000i\036\307\000p\000\040\000v\036\345}{section.56}% 46
\BOOKMARK [2][-]{subsection.62}{\376\377\000M\000\364\000\040\000t\036\243\000\040\000v\000\340\000\040\000g\000i\000a\000o\000\040\000d\000i\036\307\000n\000\040\000c\000\341\000c\000\040\000u\000s\000e\000\040\000c\000a\000s\000e}{section.56}% 47
\BOOKMARK [1][-]{section.87}{\376\377\000T\000h\000i\036\277\000t\000\040\000k\036\277\000\040\000k\036\371\000\040\000t\000h\000u\036\255\000t}{chapter.51}% 48
\BOOKMARK [2][-]{subsection.88}{\376\377\000K\000i\036\277\000n\000\040\000t\000r\000\372\000c\000\040\000t\036\325\000n\000g\000\040\000t\000h\036\303}{section.87}% 49
\BOOKMARK [2][-]{subsection.90}{\376\377\000T\000h\000i\036\277\000t\000\040\000k\036\277\000\040\000g\000i\000a\000o\000\040\000d\000i\036\307\000n\000,\000\040\000b\000a\000c\000k\000e\000n\000d\000\040\000v\000\340\000\040\000p\000h\000\342\000n\000\040\000q\000u\000y\036\301\000n}{section.87}% 50
\BOOKMARK [2][-]{subsection.91}{\376\377\000T\000h\000i\036\277\000t\000\040\000k\036\277\000\040\000d\036\357\000\040\000l\000i\036\307\000u}{section.87}% 51
\BOOKMARK [1][-]{section.92}{\376\377\000C\001\241\000\040\000c\000h\036\277\000\040\000n\000g\000h\000i\036\307\000p\000\040\000v\036\345\000\040\000v\000\340\000\040\000t\000h\000u\036\255\000t\000\040\000t\000o\000\341\000n\000\040\000x\000\341\000c\000\040\001\021\036\313\000n\000h}{chapter.51}% 52
\BOOKMARK [2][-]{subsection.93}{\376\377\001\020\036\321\000i\000\040\000s\000\341\000n\000h\000\040\000P\000h\036\243\000n\000\040\000b\000i\036\307\000n\000\040\000v\000i\000\352\000n}{section.92}% 53
\BOOKMARK [2][-]{subsection.95}{\376\377\000P\000h\000\341\000t\000\040\000h\000i\036\307\000n\000\040\000x\000u\000n\000g\000\040\001\021\036\331\000t\000\040\000l\036\343\000i\000\040\000\355\000c\000h}{section.92}% 54
\BOOKMARK [1][-]{section.96}{\376\377\000G\000i\036\243\000i\000\040\000p\000h\000\341\000p\000\040\000A\000I}{chapter.51}% 55
\BOOKMARK [1][-]{section.97}{\376\377\000M\000\364\000i\000\040\000t\000r\001\260\036\335\000n\000g\000\040\000t\000r\000i\036\303\000n\000\040\000k\000h\000a\000i\000\040\000v\000\340\000\040\000v\036\255\000n\000\040\000h\000\340\000n\000h}{chapter.51}% 56
\BOOKMARK [2][-]{subsection.98}{\376\377\000M\000\364\000i\000\040\000t\000r\001\260\036\335\000n\000g\000\040\000p\000h\000\341\000t\000\040\000t\000r\000i\036\303\000n\000\040\000c\036\345\000c\000\040\000b\036\331}{section.97}% 57
\BOOKMARK [2][-]{subsection.99}{\376\377\000M\000\364\000i\000\040\000t\000r\001\260\036\335\000n\000g\000\040\000t\000r\000i\036\303\000n\000\040\000k\000h\000a\000i\000\040\000c\000h\000\355\000n\000h\000\040\000t\000h\036\351\000c}{section.97}% 58
\BOOKMARK [1][-]{section.101}{\376\377\000T\036\325\000n\000g\000\040\000k\036\277\000t\000\040\000c\000h\001\260\001\241\000n\000g}{chapter.51}% 59
\BOOKMARK [0][-]{chapter.102}{\376\377\000T\000h\000i\036\277\000t\000\040\000l\036\255\000p\000\040\000t\000h\036\361\000c\000\040\000n\000g\000h\000i\036\307\000m\000\040\000v\000\340\000\040\001\021\000\341\000n\000h\000\040\000g\000i\000\341\000\040\000h\036\307\000\040\000t\000h\036\321\000n\000g}{}% 60
\BOOKMARK [1][-]{section.103}{\376\377\000M\036\345\000c\000\040\000t\000i\000\352\000u\000\040\000v\000\340\000\040\000p\000h\036\241\000m\000\040\000v\000i\000\040\001\021\000\341\000n\000h\000\040\000g\000i\000\341}{chapter.102}% 61
\BOOKMARK [2][-]{subsection.104}{\376\377\000C\000h\000u\036\327\000i\000\040\000t\000h\036\361\000c\000\040\000n\000g\000h\000i\036\307\000m\000\040\000v\000\340\000\040\000r\000a\000n\000h\000\040\000g\000i\036\333\000i\000\040\000v\036\333\000i\000\040\000P\000h\036\345\000\040\000l\036\345\000c\000\040\000C}{section.103}% 62
\BOOKMARK [1][-]{section.106}{\376\377\000T\000h\000i\036\277\000t\000\040\000l\036\255\000p\000\040\000t\000h\036\361\000c\000\040\000n\000g\000h\000i\036\307\000m}{chapter.102}% 63
\BOOKMARK [2][-]{subsection.107}{\376\377\000D\036\357\000\040\000l\000i\036\307\000u\000\040\000v\000\340\000\040\000n\000h\000\363\000m\000\040\000t\000h\036\361\000c\000\040\000n\000g\000h\000i\036\307\000m}{section.106}% 64
\BOOKMARK [2][-]{subsection.109}{\376\377\000K\036\313\000c\000h\000\040\000b\036\243\000n\000\040\000v\000\340\000\040\000q\000u\000y\000\040\000t\036\257\000c\000\040\001\021\000\341\000n\000h\000\040\000g\000i\000\341}{section.106}% 65
\BOOKMARK [2][-]{subsection.110}{\376\377\000M\000\364\000i\000\040\000t\000r\001\260\036\335\000n\000g\000\040\000v\000\340\000\040\000t\001\260\000\040\000l\000i\036\307\000u\000\040\000t\000h\036\361\000c\000\040\000n\000g\000h\000i\036\307\000m}{section.106}% 66
\BOOKMARK [2][-]{subsection.111}{\376\377\000P\000h\001\260\001\241\000n\000g\000\040\000p\000h\000\341\000p\000\040\001\021\000\341\000n\000h\000\040\000g\000i\000\341\000\040\000t\000h\000e\000o\000\040\000n\000h\000\363\000m}{section.106}% 67
\BOOKMARK [2][-]{subsection.112}{\376\377\000H\036\255\000u\000\040\000k\000i\036\303\000m\000\040\000m\036\307\000n\000h\000\040\001\021\036\301\040\023\000n\000g\000u\036\323\000n}{section.106}% 68
\BOOKMARK [1][-]{section.114}{\376\377\001\020\000\341\000n\000h\000\040\000g\000i\000\341\000\040\000l\036\333\000p\000\040\000n\000g\000h\000i\036\307\000p\000\040\000v\036\345\000\040\000c\036\321\000t\000\040\000l\000\365\000i}{chapter.102}% 69
\BOOKMARK [2][-]{subsection.115}{\376\377\000H\000i\036\307\000u\000\040\000n\001\003\000n\000g\000\040\000b\000a\000c\000k\000e\000n\000d}{section.114}% 70
\BOOKMARK [2][-]{subsection.117}{\376\377\000T\000\340\000i\000\040\000n\000g\000u\000y\000\352\000n\000\040\000t\000i\000\352\000u\000\040\000t\000h\036\345}{section.114}% 71
\BOOKMARK [1][-]{section.120}{\376\377\001\020\000\341\000n\000h\000\040\000g\000i\000\341\000\040\000l\036\333\000p\000\040\000t\000h\000u\036\255\000t\000\040\000t\000o\000\341\000n\000\040\000c\000\363\000\040\000t\000h\036\303\000\040\000k\000i\036\303\000m\000\040\000c\000h\036\351\000n\000g}{chapter.102}% 72
\BOOKMARK [2][-]{subsection.121}{\376\377\000C\000h\000i\000\040\000p\000h\000\355\000\040\000x\036\355\000\040\000l\000\375}{section.120}% 73
\BOOKMARK [2][-]{subsection.123}{\376\377\000H\000\340\000n\000h\000\040\000v\000i\000\040\000x\036\277\000p\000\040\000h\036\241\000n\000g\000\040\000v\000\340\000\040\000p\000h\000\342\000n\000\040\000c\000\364\000n\000g}{section.120}% 74
\BOOKMARK [1][-]{section.125}{\376\377\001\020\000\341\000n\000h\000\040\000g\000i\000\341\000\040\000c\000\341\000c\000\040\000l\000u\036\323\000n\000g\000\040\000c\000\364\000n\000g\000\040\000v\000i\036\307\000c\000\040\000A\000I\000\040\000h\036\327\000\040\000t\000r\036\343}{chapter.102}% 75
\BOOKMARK [2][-]{subsection.126}{\376\377\000S\000u\000b\000m\000i\000s\000s\000i\000o\000n\000\040\000A\000u\000t\000o\000f\000i\000l\000l\000\040\000v\000\340\000\040\000S\000u\000b\000m\000i\000s\000s\000i\000o\000n\000\040\000G\000a\000t\000i\000n\000g}{section.125}% 76
\BOOKMARK [2][-]{subsection.128}{\376\377\000R\000e\000v\000i\000e\000w\000e\000r\000\040\000I\000n\000i\000t\000i\000a\000l\000\040\000A\000n\000a\000l\000y\000s\000i\000s}{section.125}% 77
\BOOKMARK [2][-]{subsection.130}{\376\377\000R\000e\000v\000i\000e\000w\000\040\000Q\000u\000a\000l\000i\000t\000y\000\040\000A\000u\000d\000i\000t\000o\000r}{section.125}% 78
\BOOKMARK [2][-]{subsection.132}{\376\377\000C\000h\000a\000i\000r\000\040\000D\000e\000c\000i\000s\000i\000o\000n\000\040\000C\000o\000p\000i\000l\000o\000t}{section.125}% 79
\BOOKMARK [2][-]{subsection.134}{\376\377\000C\000h\000a\000t\000b\000o\000t\000\040\000A\000g\000e\000n\000t}{section.125}% 80
\BOOKMARK [1][-]{section.137}{\376\377\000T\000\355\000n\000h\000\040\000k\000h\036\243\000\040\000t\000h\000i\000\040\000v\036\255\000n\000\040\000h\000\340\000n\000h}{chapter.102}% 81
\BOOKMARK [1][-]{section.141}{\376\377\000K\000h\036\243\000o\000\040\000s\000\341\000t\000\040\000n\000g\001\260\036\335\000i\000\040\000d\000\371\000n\000g}{chapter.102}% 82
\BOOKMARK [1][-]{section.142}{\376\377\000T\036\325\000n\000g\000\040\000h\036\343\000p\000\040\000k\036\277\000t\000\040\000q\000u\036\243\000\040\000v\000\340\000\040\000g\000i\036\333\000i\000\040\000h\036\241\000n}{chapter.102}% 83
\BOOKMARK [0][-]{chapter.143}{\376\377\000K\036\277\000t\000\040\000l\000u\036\255\000n}{}% 84
\BOOKMARK [1][-]{section.144}{\376\377\000K\036\277\000t\000\040\000q\000u\036\243\000\040\000v\000\340\000\040\000m\036\351\000c\000\040\001\021\036\331\000\040\000h\000o\000\340\000n\000\040\000t\000h\000\340\000n\000h}{chapter.143}% 85
\BOOKMARK [2][-]{subsection.145}{\376\377\000K\036\277\000t\000\040\000q\000u\036\243\000\040\000t\036\325\000n\000g\000\040\000q\000u\000\341\000t}{section.144}% 86
\BOOKMARK [2][-]{subsection.146}{\376\377\000M\036\351\000c\000\040\001\021\036\331\000\040\000h\000o\000\340\000n\000\040\000t\000h\000\340\000n\000h\000\040\000m\036\345\000c\000\040\000t\000i\000\352\000u}{section.144}% 87
\BOOKMARK [1][-]{section.147}{\376\377\000C\000\341\000c\000\040\000h\036\241\000n\000\040\000c\000h\036\277}{chapter.143}% 88
\BOOKMARK [2][-]{subsection.148}{\376\377\000G\000i\036\333\000i\000\040\000h\036\241\000n\000\040\000c\036\347\000a\000\040\000b\036\261\000n\000g\000\040\000c\000h\036\351\000n\000g\000\040\001\021\000\341\000n\000h\000\040\000g\000i\000\341\000\040\000A\000I}{section.147}% 89
\BOOKMARK [2][-]{subsection.149}{\376\377\000G\000i\036\333\000i\000\040\000h\036\241\000n\000\040\000c\036\347\000a\000\040\000d\036\357\000\040\000l\000i\036\307\000u\000\040\000v\000\340\000\040\000k\000h\036\243\000\040\000n\001\003\000n\000g\000\040\000k\000h\000\341\000i\000\040\000q\000u\000\341\000t}{section.147}% 90
\BOOKMARK [2][-]{subsection.150}{\376\377\000G\000i\036\333\000i\000\040\000h\036\241\000n\000\040\000v\036\255\000n\000\040\000h\000\340\000n\000h\000\040\000v\000\340\000\040\000q\000u\036\243\000n\000\040\000t\000r\036\313\000\040\000d\036\357\000\040\000l\000i\036\307\000u}{section.147}% 91
\BOOKMARK [1][-]{section.151}{\376\377\000K\000h\000\363\000\040\000k\000h\001\003\000n\000\040\000t\000r\000o\000n\000g\000\040\000q\000u\000\341\000\040\000t\000r\000\354\000n\000h\000\040\000t\000h\036\361\000c\000\040\000h\000i\036\307\000n}{chapter.143}% 92
\BOOKMARK [2][-]{subsection.152}{\376\377\000X\000\342\000y\000\040\000d\036\361\000n\000g\000\040\000p\000h\001\260\001\241\000n\000g\000\040\000p\000h\000\341\000p\000\040\001\021\000\341\000n\000h\000\040\000g\000i\000\341\000\040\000c\000\341\000c\000\040\000l\000u\036\323\000n\000g\000\040\000c\000\364\000n\000g\000\040\000v\000i\036\307\000c\000\040\000A\000I}{section.151}% 93
\BOOKMARK [2][-]{subsection.153}{\376\377\000T\000h\000u\000\040\000t\000h\036\255\000p\000\040\000d\036\357\000\040\000l\000i\036\307\000u\000\040\000h\036\315\000c\000\040\000t\000h\000u\036\255\000t\000\040\000v\000\340\000\040\000d\036\357\000\040\000l\000i\036\307\000u\000\040\000x\000u\000n\000g\000\040\001\021\036\331\000t\000\040\000l\036\343\000i\000\040\000\355\000c\000h}{section.151}% 94
\BOOKMARK [2][-]{subsection.154}{\376\377\000T\000h\000i\036\277\000t\000\040\000k\036\277\000\040\000g\000i\000a\000o\000\040\000d\000i\036\307\000n\000\040\000c\000h\000o\000\040\000h\036\307\000\040\000t\000h\036\321\000n\000g\000\040\000n\000h\000i\036\301\000u\000\040\000v\000a\000i\000\040\000t\000r\000\362}{section.151}% 95
\BOOKMARK [1][-]{section.155}{\376\377\000B\000\340\000i\000\040\000h\036\315\000c\000\040\000k\000i\000n\000h\000\040\000n\000g\000h\000i\036\307\000m}{chapter.143}% 96
\BOOKMARK [2][-]{subsection.156}{\376\377\000C\000h\000u\036\251\000n\000\040\000h\000\363\000a\000\040\000q\000u\000y\000\040\000t\000r\000\354\000n\000h\000\040\000t\000r\000i\036\303\000n\000\040\000k\000h\000a\000i\000\040\000t\000h\000e\000o\000\040\000p\000h\000i\000\352\000n\000\040\000b\036\243\000n}{section.155}% 97
\BOOKMARK [2][-]{subsection.157}{\376\377\000P\000h\036\321\000i\000\040\000h\036\343\000p\000\040\000p\000h\000\341\000t\000\040\000t\000r\000i\036\303\000n\000\040\000c\000\341\000c\000\040\000c\000h\036\351\000c\000\040\000n\001\003\000n\000g\000\040\000c\000\363\000\040\000p\000h\036\345\000\040\000t\000h\000u\036\331\000c}{section.155}% 98
\BOOKMARK [2][-]{subsection.158}{\376\377\000T\036\325\000\040\000c\000h\036\351\000c\000\040\000p\000h\000\351\000p\000\040\000t\000h\036\355\000\040\000A\000I\000\040\000b\036\261\000n\000g\000\040\000G\000P\000U\000\040\000s\000e\000r\000v\000e\000r\000l\000e\000s\000s}{section.155}% 99
\BOOKMARK [2][-]{subsection.159}{\376\377\000T\000h\000i\036\277\000t\000\040\000k\036\277\000\040\000r\000a\000n\000h\000\040\000g\000i\036\333\000i\000\040\000q\000u\000y\036\301\000n\000\040\000h\036\241\000n\000\040\000c\000h\000o\000\040\000c\000h\036\351\000c\000\040\000n\001\003\000n\000g\000\040\000A\000I}{section.155}% 100
\BOOKMARK [1][-]{section.160}{\376\377\000H\001\260\036\333\000n\000g\000\040\000p\000h\000\341\000t\000\040\000t\000r\000i\036\303\000n}{chapter.143}% 101
\BOOKMARK [2][-]{subsection.161}{\376\377\000H\000o\000\340\000n\000\040\000t\000h\000i\036\307\000n\000\040\000b\036\261\000n\000g\000\040\000c\000h\036\351\000n\000g\000\040\001\021\000\341\000n\000h\000\040\000g\000i\000\341}{section.160}% 102
\BOOKMARK [2][-]{subsection.162}{\376\377\000H\000o\000\340\000n\000\040\000t\000h\000i\036\307\000n\000\040\000v\036\255\000n\000\040\000h\000\340\000n\000h\000\040\000v\000\340\000\040\000t\000r\036\243\000i\000\040\000n\000g\000h\000i\036\307\000m}{section.160}% 103
\BOOKMARK [2][-]{subsection.163}{\376\377\000M\036\337\000\040\000r\036\331\000n\000g\000\040\000d\036\357\000\040\000l\000i\036\307\000u\000\040\000v\000\340\000\040\000c\000\341\000c\000\040\000c\000h\036\351\000c\000\040\000n\001\003\000n\000g\000\040\000A\000I}{section.160}% 104
\BOOKMARK [1][-]{section.164}{\376\377\000K\036\277\000t\000\040\000l\000u\036\255\000n\000\040\000c\000h\001\260\001\241\000n\000g}{chapter.143}% 105
\BOOKMARK [0][-]{section.164}{\376\377\000T\000\340\000i\000\040\000l\000i\036\307\000u\000\040\000t\000h\000a\000m\000\040\000k\000h\036\243\000o}{}% 106
\BOOKMARK [0][-]{section*.166}{\376\377\000D\000a\000n\000h\000\040\000m\036\345\000c\000\040\000t\000h\000u\036\255\000t\000\040\000n\000g\036\357\000\040\000v\000\340\000\040\000t\036\353\000\040\000v\000i\036\277\000t\000\040\000t\036\257\000t}{}% 107
\BOOKMARK [0][-]{appendix.168}{\376\377\001\020\036\267\000c\000\040\000t\036\243\000\040\000c\000h\000i\000\040\000t\000i\036\277\000t\000\040\000c\000\341\000c\000\040\000u\000s\000e\000\040\000c\000a\000s\000e\000,\000\040\000d\036\357\000\040\000l\000i\036\307\000u\000,\000\040\000t\000h\000u\036\255\000t\000\040\000t\000o\000\341\000n\000\040\000v\000\340\000\040\000l\000u\036\323\000n\000g\000\040\000c\000\364\000n\000g\000\040\000v\000i\036\307\000c\000\040\000A\000I}{}% 108
\BOOKMARK [1][-]{section.169}{\376\377\001\020\036\267\000c\000\040\000t\036\243\000\040\000c\000\341\000c\000\040\000u\000s\000e\000\040\000c\000a\000s\000e}{appendix.168}% 109
\BOOKMARK [2][-]{subsection.170}{\376\377\000U\000C\000-\0000\0001\000.\000\040\000K\000h\000\341\000m\000\040\000p\000h\000\341\000\040\000v\000\340\000\040\000t\000h\000e\000o\000\040\000d\000\365\000i\000\040\000h\036\331\000i\000\040\000n\000g\000h\036\313}{section.169}% 110
\BOOKMARK [2][-]{subsection.172}{\376\377\000U\000C\000-\0000\0002\000.\000\040\000H\000o\000\340\000n\000\040\000t\036\245\000t\000\040\000v\000\340\000\040\000k\000i\036\303\000m\000\040\000t\000r\000a\000\040\000b\000\340\000i\000\040\000n\036\331\000p}{section.169}% 111
\BOOKMARK [2][-]{subsection.175}{\376\377\000U\000C\000-\0000\0003\000.\000\040\000Q\000u\036\243\000n\000\040\000l\000\375\000\040\000v\000\362\000n\000g\000\040\001\021\036\335\000i\000\040\000b\000\340\000i\000\040\000n\036\331\000p}{section.169}% 112
\BOOKMARK [2][-]{subsection.177}{\376\377\000U\000C\000-\0000\0004\000.\000\040\000T\000i\036\277\000p\000\040\000n\000h\036\255\000n\000\040\000l\036\335\000i\000\040\000m\036\335\000i\000\040\000v\000\340\000\040\000x\000e\000m\000\040\000b\000\340\000i\000\040\001\021\001\260\036\343\000c\000\040\000p\000h\000\342\000n\000\040\000c\000\364\000n\000g}{section.169}% 113
\BOOKMARK [2][-]{subsection.179}{\376\377\000U\000C\000-\0000\0005\000.\000\040\001\020\036\315\000c\000,\000\040\000s\000o\036\241\000n\000\040\000v\000\340\000\040\000g\036\355\000i\000\040\000p\000h\036\243\000n\000\040\000b\000i\036\307\000n\000\040\000c\000\363\000\040\000A\000I\000\040\000h\036\327\000\040\000t\000r\036\343}{section.169}% 114
\BOOKMARK [2][-]{subsection.181}{\376\377\000U\000C\000-\0000\0006\000.\000\040\000P\000h\000\342\000n\000\040\000c\000\364\000n\000g\000\040\000p\000h\036\243\000n\000\040\000b\000i\036\307\000n\000\040\000v\000\340\000\040\000k\000i\036\303\000m\000\040\000t\000r\000a\000\040\000x\000u\000n\000g\000\040\001\021\036\331\000t\000\040\000l\036\343\000i\000\040\000\355\000c\000h}{section.169}% 115
\BOOKMARK [2][-]{subsection.183}{\376\377\000U\000C\000-\0000\0007\000.\000\040\000Q\000u\036\243\000n\000\040\000l\000\375\000\040\000h\036\331\000i\000\040\000n\000g\000h\036\313\000\040\000v\000\340\000\040\000t\000h\000e\000o\000\040\000d\000\365\000i\000\040\000t\000i\036\277\000n\000\040\001\021\036\331}{section.169}% 116
\BOOKMARK [2][-]{subsection.186}{\376\377\000U\000C\000-\0000\0008\000.\000\040\000T\000r\000a\000o\000\040\001\021\036\325\000i\000\040\000t\000h\000e\000o\000\040\000b\000\340\000i\000\040\000n\036\331\000p}{section.169}% 117
\BOOKMARK [2][-]{subsection.188}{\376\377\000U\000C\000-\0000\0009\000.\000\040\000T\036\325\000n\000g\000\040\000h\036\343\000p\000\040\000b\036\261\000n\000g\000\040\000c\000h\036\351\000n\000g\000\040\000h\036\327\000\040\000t\000r\036\343\000\040\000C\000h\036\347\000\040\000t\036\315\000a\000\040\000r\000a\000\040\000q\000u\000y\036\277\000t\000\040\001\021\036\313\000n\000h}{section.169}% 118
\BOOKMARK [2][-]{subsection.190}{\376\377\000U\000C\000-\0001\0000\000.\000\040\000T\000r\000u\000y\000\040\000v\036\245\000n\000\040\000t\000r\036\241\000n\000g\000\040\000t\000h\000\341\000i\000\040\000v\000\340\000\040\000h\001\260\036\333\000n\000g\000\040\000d\036\253\000n\000\040\000b\036\261\000n\000g\000\040\000C\000h\000a\000t\000b\000o\000t\000\040\000A\000g\000e\000n\000t}{section.169}% 119
\BOOKMARK [1][-]{section.192}{\376\377\000T\000r\000u\000y\000\040\000v\036\277\000t\000\040\000y\000\352\000u\000\040\000c\036\247\000u\000,\000\040\000d\036\357\000\040\000l\000i\036\307\000u\000\040\000v\000\340\000\040\000p\000h\000\342\000n\000\040\000q\000u\000y\036\301\000n}{appendix.168}% 120
\BOOKMARK [2][-]{subsection.193}{\376\377\000T\000r\000u\000y\000\040\000v\036\277\000t\000\040\000y\000\352\000u\000\040\000c\036\247\000u}{section.192}% 121
\BOOKMARK [2][-]{subsection.194}{\376\377\000N\000h\000\363\000m\000\040\000d\036\357\000\040\000l\000i\036\307\000u\000\040\000c\000h\000\355\000n\000h}{section.192}% 122
\BOOKMARK [2][-]{subsection.199}{\376\377\000M\000a\000\040\000t\000r\036\255\000n\000\040\000q\000u\000y\036\301\000n\000\040\000t\000r\000o\000n\000g\000\040\000c\000h\036\351\000c\000\040\000n\001\003\000n\000g\000\040\000t\000h\036\243\000o\000\040\000l\000u\036\255\000n}{section.192}% 123
\BOOKMARK [1][-]{section.201}{\376\377\000T\000h\000u\036\255\000t\000\040\000t\000o\000\341\000n\000\040\001\021\036\321\000i\000\040\000s\000\341\000n\000h\000\040\000v\000\340\000\040\000x\000u\000n\000g\000\040\001\021\036\331\000t\000\040\000l\036\343\000i\000\040\000\355\000c\000h}{appendix.168}% 124
\BOOKMARK [2][-]{subsection.202}{\376\377\001\020\036\247\000u\000\040\000v\000\340\000o\000\040\000v\000\340\000\040\001\021\000i\036\303\000m\000\040\000p\000h\000\371\000\040\000h\036\343\000p}{section.201}% 125
\BOOKMARK [2][-]{subsection.204}{\376\377\000T\000h\036\347\000\040\000t\036\345\000c\000\040\000t\036\241\000o\000\040\001\021\036\301\000\040\000x\000u\036\245\000t}{section.201}% 126
\BOOKMARK [2][-]{subsection.212}{\376\377\000B\000a\000\040\000n\000g\000u\036\323\000n\000\040\000p\000h\000\341\000t\000\040\000h\000i\036\307\000n\000\040\000x\000u\000n\000g\000\040\001\021\036\331\000t\000\040\000l\036\343\000i\000\040\000\355\000c\000h}{section.201}% 127
\BOOKMARK [1][-]{section.214}{\376\377\001\020\036\267\000c\000\040\000t\036\243\000\040\000c\000\341\000c\000\040\000l\000u\036\323\000n\000g\000\040\000c\000\364\000n\000g\000\040\000v\000i\036\307\000c\000\040\000A\000I}{appendix.168}% 128
\BOOKMARK [2][-]{subsection.215}{\376\377\000T\036\325\000n\000g\000\040\000q\000u\000a\000n}{section.214}% 129
\BOOKMARK [2][-]{subsection.216}{\376\377\000S\000u\000b\000m\000i\000s\000s\000i\000o\000n\000\040\000A\000u\000t\000o\000f\000i\000l\000l}{section.214}% 130
\BOOKMARK [2][-]{subsection.217}{\376\377\000S\000u\000b\000m\000i\000s\000s\000i\000o\000n\000\040\000G\000a\000t\000i\000n\000g}{section.214}% 131
\BOOKMARK [2][-]{subsection.219}{\376\377\000R\000e\000v\000i\000e\000w\000e\000r\000\040\000I\000n\000i\000t\000i\000a\000l\000\040\000A\000n\000a\000l\000y\000s\000i\000s}{section.214}% 132
\BOOKMARK [2][-]{subsection.220}{\376\377\000R\000e\000v\000i\000e\000w\000\040\000Q\000u\000a\000l\000i\000t\000y\000\040\000A\000u\000d\000i\000t\000o\000r}{section.214}% 133
\BOOKMARK [2][-]{subsection.222}{\376\377\000C\000h\000a\000i\000r\000\040\000D\000e\000c\000i\000s\000i\000o\000n\000\040\000C\000o\000p\000i\000l\000o\000t}{section.214}% 134
\BOOKMARK [2][-]{subsection.224}{\376\377\000C\000h\000a\000t\000b\000o\000t\000\040\000A\000g\000e\000n\000t}{section.214}% 135
\BOOKMARK [2][-]{subsection.226}{\376\377\000K\000i\036\303\000m\000\040\000s\000o\000\341\000t\000\040\000d\000\371\000n\000g\000\040\000c\000h\000u\000n\000g}{section.214}% 136
\BOOKMARK [0][-]{appendix.227}{\376\377\000M\000\364\000i\000\040\000t\000r\001\260\036\335\000n\000g\000\040\000v\000\340\000\040\000t\000r\000i\036\303\000n\000\040\000k\000h\000a\000i}{}% 137
\BOOKMARK [1][-]{section.228}{\376\377\000P\000h\036\241\000m\000\040\000v\000i\000\040\000v\000\340\000\040\000n\000g\000u\000y\000\352\000n\000\040\000t\036\257\000c\000\040\000t\000r\000i\036\303\000n\000\040\000k\000h\000a\000i}{appendix.227}% 138
\BOOKMARK [1][-]{section.230}{\376\377\000M\000\364\000i\000\040\000t\000r\001\260\036\335\000n\000g\000\040\000p\000h\000\341\000t\000\040\000t\000r\000i\036\303\000n\000\040\000c\036\345\000c\000\040\000b\036\331}{appendix.227}% 139
\BOOKMARK [2][-]{subsection.231}{\376\377\000Y\000\352\000u\000\040\000c\036\247\000u\000\040\000c\000\364\000n\000g\000\040\000c\036\345}{section.230}% 140
\BOOKMARK [2][-]{subsection.232}{\376\377\000Q\000u\000y\000\040\000t\000r\000\354\000n\000h\000\040\000k\000h\036\337\000i\000\040\001\021\036\331\000n\000g\000\040\000m\000\364\000i\000\040\000t\000r\001\260\036\335\000n\000g}{section.230}% 141
\BOOKMARK [2][-]{subsection.250}{\376\377\001\020\000i\036\303\000m\000\040\000t\000r\000u\000y\000\040\000c\036\255\000p\000\040\000v\000\340\000\040\000t\000i\000\352\000u\000\040\000c\000h\000\355\000\040\000k\000i\036\303\000m\000\040\000t\000r\000a}{section.230}% 142
\BOOKMARK [2][-]{subsection.251}{\376\377\000T\000r\000\354\000n\000h\000\040\000t\036\361\000\040\000x\000\341\000c\000\040\000n\000h\036\255\000n\000\040\000m\000\364\000i\000\040\000t\000r\001\260\036\335\000n\000g\000\040\000c\036\345\000c\000\040\000b\036\331}{section.230}% 143
\BOOKMARK [1][-]{section.252}{\376\377\000C\036\245\000u\000\040\000h\000\354\000n\000h\000\040\000m\000\364\000i\000\040\000t\000r\001\260\036\335\000n\000g}{appendix.227}% 144
\BOOKMARK [2][-]{subsection.253}{\376\377\000C\036\245\000u\000\040\000h\000\354\000n\000h\000\040\000b\000a\000c\000k\000e\000n\000d}{section.252}% 145
\BOOKMARK [2][-]{subsection.254}{\376\377\000C\036\245\000u\000\040\000h\000\354\000n\000h\000\040\000d\036\313\000c\000h\000\040\000v\036\345\000\040\000A\000I}{section.252}% 146
\BOOKMARK [2][-]{subsection.255}{\376\377\000C\036\245\000u\000\040\000h\000\354\000n\000h\000\040\000f\000r\000o\000n\000t\000e\000n\000d}{section.252}% 147
\BOOKMARK [1][-]{section.256}{\376\377\000K\000i\036\277\000n\000\040\000t\000r\000\372\000c\000\040\000t\000r\000i\036\303\000n\000\040\000k\000h\000a\000i\000\040\000c\000h\000\355\000n\000h\000\040\000t\000h\036\351\000c}{appendix.227}% 148
\BOOKMARK [1][-]{section.258}{\376\377\000D\000o\000c\000k\000e\000r\000\040\000C\000o\000m\000p\000o\000s\000e\000\040\000c\000h\000\355\000n\000h}{appendix.227}% 149
\BOOKMARK [2][-]{subsection.259}{\376\377\000C\036\245\000u\000\040\000t\000r\000\372\000c\000\040\000d\036\313\000c\000h\000\040\000v\036\345}{section.258}% 150
\BOOKMARK [2][-]{subsection.260}{\376\377\000C\036\325\000n\000g\000,\000\040\000m\036\241\000n\000g\000\040\000v\000\340\000\040\000q\000u\000a\000n\000\040\000h\036\307\000\040\000p\000h\036\345\000\040\000t\000h\000u\036\331\000c}{section.258}% 151
\BOOKMARK [2][-]{subsection.261}{\376\377\000V\000o\000l\000u\000m\000e\000\040\000v\000\340\000\040\000d\036\357\000\040\000l\000i\036\307\000u\000\040\000c\036\247\000n\000\040\000d\000u\000y\000\040\000t\000r\000\354}{section.258}% 152
\BOOKMARK [1][-]{section.262}{\376\377\001\020\000\363\000n\000g\000\040\000g\000\363\000i\000\040\000f\000r\000o\000n\000t\000e\000n\000d\000,\000\040\000b\000a\000c\000k\000e\000n\000d\000\040\000v\000\340\000\040\000d\036\313\000c\000h\000\040\000v\036\345\000\040\000A\000I}{appendix.227}% 153
\BOOKMARK [2][-]{subsection.263}{\376\377\000F\000r\000o\000n\000t\000e\000n\000d}{section.262}% 154
\BOOKMARK [2][-]{subsection.264}{\376\377\000B\000a\000c\000k\000e\000n\000d}{section.262}% 155
\BOOKMARK [2][-]{subsection.265}{\376\377\000D\036\313\000c\000h\000\040\000v\036\345\000\040\000A\000I}{section.262}% 156
\BOOKMARK [2][-]{subsection.268}{\376\377\000K\000i\036\303\000m\000\040\000t\000r\000a\000\040\000i\000m\000a\000g\000e\000\040\000t\000r\001\260\036\333\000c\000\040\000k\000h\000i\000\040\000p\000h\000\341\000t\000\040\000h\000\340\000n\000h}{section.262}% 157
\BOOKMARK [1][-]{section.269}{\376\377\000C\000a\000d\000d\000y\000,\000\040\000T\000L\000S\000\040\000v\000\340\000\040\001\021\036\313\000n\000h\000\040\000t\000u\000y\036\277\000n}{appendix.227}% 158
\BOOKMARK [1][-]{section.277}{\376\377\000C\000I\000/\000C\000D\000\040\000v\000\340\000\040\000G\000i\000t\000H\000u\000b\000\040\000C\000o\000n\000t\000a\000i\000n\000e\000r\000\040\000R\000e\000g\000i\000s\000t\000r\000y}{appendix.227}% 159
\BOOKMARK [2][-]{subsection.278}{\376\377\000P\000h\036\241\000m\000\040\000v\000i\000\040\000l\000u\036\323\000n\000g\000\040\000c\000\364\000n\000g\000\040\000v\000i\036\307\000c\000\040\000C\000I\000/\000C\000D}{section.277}% 160
\BOOKMARK [2][-]{subsection.279}{\376\377\000T\000\352\000n\000\040\000v\000\340\000\040\000p\000h\000i\000\352\000n\000\040\000b\036\243\000n\000\040\000i\000m\000a\000g\000e}{section.277}% 161
\BOOKMARK [2][-]{subsection.287}{\376\377\000C\036\255\000p\000\040\000n\000h\036\255\000t\000\040\000h\036\307\000\040\000t\000h\036\321\000n\000g\000\040\000c\000h\000\355\000n\000h\000\040\000t\000h\036\351\000c}{section.277}% 162
\BOOKMARK [2][-]{subsection.299}{\376\377\000Q\000u\000a\000y\000\040\000l\036\241\000i\000\040\000p\000h\000i\000\352\000n\000\040\000b\036\243\000n\000\040\036\325\000n\000\040\001\021\036\313\000n\000h}{section.277}% 163
\BOOKMARK [1][-]{section.300}{\376\377\000B\036\243\000o\000\040\000v\036\307\000\040\000c\036\245\000u\000\040\000h\000\354\000n\000h\000\040\000v\000\340\000\040\000b\000\355\000\040\000m\036\255\000t}{appendix.227}% 164
\BOOKMARK [1][-]{section.301}{\376\377\000D\000a\000n\000h\000\040\000s\000\341\000c\000h\000\040\000k\000i\036\303\000m\000\040\000t\000r\000a\000\040\000t\000\341\000i\000\040\000l\036\255\000p\000\040\000v\000\340\000\040\000n\000g\000h\000i\036\307\000m\000\040\000t\000h\000u\000\040\000t\000r\000i\036\303\000n\000\040\000k\000h\000a\000i}{appendix.227}% 165
\BOOKMARK [0][-]{appendix.302}{\376\377\001\020\036\267\000c\000\040\000t\036\243\000\040\000t\000h\036\361\000c\000\040\000n\000g\000h\000i\036\307\000m\000\040\000v\000\340\000\040\000t\000\340\000i\000\040\000l\000i\036\307\000u\000\040\000t\000\341\000i\000\040\000l\036\255\000p}{}% 166
\BOOKMARK [1][-]{section.303}{\376\377\000C\000h\036\311\000\040\000m\036\345\000c\000\040\000b\036\261\000n\000g\000\040\000c\000h\036\351\000n\000g}{appendix.302}% 167
\BOOKMARK [1][-]{section.304}{\376\377\000T\000h\000i\036\277\000t\000\040\000l\036\255\000p\000\040\000b\000a\000c\000k\000e\000n\000d\000\040\000v\000\340\000\040\000k\000i\036\303\000m\000\040\000t\000h\036\355\000\040\000k\0006}{appendix.302}% 168
\BOOKMARK [2][-]{subsection.305}{\376\377\000D\036\357\000\040\000l\000i\036\307\000u\000\040\000s\000e\000e\000d\000\040\000v\000\340\000\040\000m\000\364\000i\000\040\000t\000r\001\260\036\335\000n\000g}{section.304}% 169
\BOOKMARK [2][-]{subsection.306}{\376\377\000P\000h\036\241\000m\000\040\000v\000i\000\040\000k\036\313\000c\000h\000\040\000b\036\243\000n}{section.304}% 170
\BOOKMARK [1][-]{section.310}{\376\377\000M\000i\000c\000r\000o\000b\000e\000n\000c\000h\000m\000a\000r\000k\000\040\000v\000\340\000\040\000d\036\357\000\040\000l\000i\036\307\000u\000\040\001\021\036\321\000i\000\040\000s\000\341\000n\000h}{appendix.302}% 171
\BOOKMARK [2][-]{subsection.311}{\376\377\000G\000o\000\040\000m\000i\000c\000r\000o\000b\000e\000n\000c\000h\000m\000a\000r\000k}{section.310}% 172
\BOOKMARK [2][-]{subsection.312}{\376\377\000B\036\243\000n\000\040\000d\036\357\000\040\000l\000i\036\307\000u\000\040\000x\036\277\000p\000\040\000h\036\241\000n\000g\000\040\000c\036\321\000\040\001\021\036\313\000n\000h}{section.310}% 173
\BOOKMARK [2][-]{subsection.313}{\376\377\001\020\000\341\000n\000h\000\040\000g\000i\000\341\000\040\000p\000h\000\342\000n\000\040\000c\000\364\000n\000g}{section.310}% 174
\BOOKMARK [1][-]{section.314}{\376\377\000B\036\331\000\040\000d\036\357\000\040\000l\000i\036\307\000u\000\040\000k\000i\036\303\000m\000\040\000t\000h\036\355\000\040\001\021\036\321\000i\000\040\000c\000h\000i\036\277\000u\000\040\000t\000r\036\361\000c\000\040\000t\000i\036\277\000p}{appendix.302}% 175
\BOOKMARK [2][-]{subsection.315}{\376\377\000S\000u\000b\000m\000i\000s\000s\000i\000o\000n\000\040\000A\000u\000t\000o\000f\000i\000l\000l}{section.314}% 176
\BOOKMARK [2][-]{subsection.316}{\376\377\000S\000u\000b\000m\000i\000s\000s\000i\000o\000n\000\040\000G\000a\000t\000i\000n\000g}{section.314}% 177
\BOOKMARK [1][-]{section.317}{\376\377\000B\036\331\000\040\000t\000h\036\361\000c\000\040\000t\000h\000i\000\040\000l\000u\036\323\000n\000g\000\040\000c\000\364\000n\000g\000\040\000v\000i\036\307\000c\000\040\000A\000I\000\040\000v\000\340\000\040\001\021\036\267\000c\000\040\000t\036\243\000\040\000h\036\255\000u\000\040\000k\000i\036\303\000m\000\040\000m\036\307\000n\000h\000\040\001\021\036\301\040\023\000n\000g\000u\036\323\000n}{appendix.302}% 178
\BOOKMARK [2][-]{subsection.318}{\376\377\000R\000a\000n\000h\000\040\000g\000i\036\333\000i\000\040\000g\000i\036\357\000a\000\040\000t\036\241\000o\000\040\001\021\036\247\000u\000\040\000r\000a\000\040\000v\000\340\000\040\000c\000h\036\245\000m\000\040\000h\036\255\000u\000\040\000k\000i\036\303\000m}{section.317}% 179
\BOOKMARK [2][-]{subsection.319}{\376\377\000G\000\363\000i\000\040\001\021\036\247\000u\000\040\000v\000\340\000o\000\040\000v\000\340\000\040\000n\000g\000u\036\323\000n\000\040\001\021\036\321\000i\000\040\000c\000h\000i\036\277\000u}{section.317}% 180
\BOOKMARK [2][-]{subsection.320}{\376\377\000C\000\341\000c\000\040\000g\000i\000a\000i\000\040\001\021\000o\036\241\000n\000\040\000x\036\355\000\040\000l\000\375\000\040\000v\000\340\000\040\000c\036\245\000u\000\040\000h\000\354\000n\000h}{section.317}% 181
\BOOKMARK [2][-]{subsection.322}{\376\377\001\020\036\267\000c\000\040\000t\036\243\000\040\000b\036\321\000n\000\040\000n\000h\000\341\000n\000h\000\040\001\021\000\341\000n\000h\000\040\000g\000i\000\341}{section.317}% 182
\BOOKMARK [2][-]{subsection.323}{\376\377\000C\036\245\000u\000\040\000t\000r\000\372\000c\000\040\000b\036\243\000n\000\040\000g\000h\000i\000\040\000J\000S\000O\000N\000L\000\040\000v\000\340\000\040\000k\000h\036\243\000\040\000n\001\003\000n\000g\000\040\000t\000r\000u\000y\000\040\000v\036\277\000t}{section.317}% 183
\BOOKMARK [2][-]{subsection.324}{\376\377\000Q\000u\000y\000\040\000t\036\257\000c\000\040\000c\000h\036\311\000\040\000s\036\321\000\040\000v\000\340\000\040\000p\000h\000\351\000p\000\040\000t\036\325\000n\000g\000\040\000h\036\343\000p}{section.317}% 184
\BOOKMARK [1][-]{section.327}{\376\377\000M\000a\000\040\000t\000r\036\255\000n\000\040\000k\036\313\000c\000h\000\040\000b\036\243\000n\000\040\000C\000h\000a\000t\000b\000o\000t\000\040\000A\000g\000e\000n\000t}{appendix.302}% 185
\BOOKMARK [2][-]{subsection.328}{\376\377\000T\000h\000i\036\277\000t\000\040\000l\036\255\000p\000\040\000v\000a\000i\000\040\000t\000r\000\362\000\040\000v\000\340\000\040\000h\036\331\000i\000\040\000n\000g\000h\036\313\000\040\000g\000i\036\243\000\040\000l\036\255\000p}{section.327}% 186
\BOOKMARK [1][-]{section.329}{\376\377\000N\000g\000u\036\323\000n\000\040\000g\036\321\000c\000\040\000v\000\340\000\040\000g\000i\036\333\000i\000\040\000h\036\241\000n\000\040\000c\036\347\000a\000\040\000U\000A\000T}{appendix.302}% 187
\BOOKMARK [1][-]{section.330}{\376\377\001\020\036\331\000\040\000t\000r\036\305\000,\000\040\000t\000o\000k\000e\000n\000\040\000v\000\340\000\040\000g\000i\036\333\000i\000\040\000h\036\241\000n\000\040\000t\000\341\000i\000\040\000l\036\255\000p}{appendix.302}% 188
